ninja: Entering directory `build'
[1/251] Building CXX object CMakeFiles/kctsb_static.dir/src/crypto/mac.cpp.obj
[2/251] Building CXX object CMakeFiles/kctsb_static.dir/src/crypto/sha256.cpp.obj
[3/251] Building CXX object CMakeFiles/kctsb_static.dir/src/crypto/blake2.cpp.obj
[4/251] Building CXX object CMakeFiles/kctsb_static.dir/src/crypto/sm/zuc.cpp.obj
[5/251] Building C object CMakeFiles/kctsb_static.dir/src/advanced/whitebox/whitebox_aes.c.obj
[6/251] Building CXX object CMakeFiles/kctsb_static.dir/src/crypto/rsa/ElGamal.cpp.obj
[7/251] Building CXX object CMakeFiles/kctsb_static.dir/src/crypto/sha512.cpp.obj
[8/251] Building CXX object CMakeFiles/kctsb_static.dir/src/core/security.cpp.obj
[9/251] Building CXX object CMakeFiles/kctsb_static.dir/src/crypto/sha3.cpp.obj
[10/251] Building CXX object CMakeFiles/kctsb_static.dir/src/crypto/sm/sm2.cpp.obj
[11/251] Building CXX object CMakeFiles/kctsb_static.dir/src/crypto/sm/sm4.cpp.obj
[12/251] Building CXX object CMakeFiles/kctsb_static.dir/src/crypto/sm/sm3.cpp.obj
[13/251] Building CXX object CMakeFiles/kctsb_static.dir/src/crypto/chacha20_poly1305.cpp.obj
[14/251] Building CXX object CMakeFiles/kctsb_static.dir/src/core/export.cpp.obj
[15/251] Building CXX object CMakeFiles/kctsb_static.dir/src/advanced/sss/kc_sss.cpp.obj
[16/251] Building CXX object CMakeFiles/kctsb_static.dir/src/simd/simd.cpp.obj
[17/251] Building CXX object CMakeFiles/kctsb_static.dir/src/crypto/aes.cpp.obj
[18/251] Building CXX object CMakeFiles/kctsb_static.dir/src/crypto/rsa/dh.cpp.obj
[19/251] Building CXX object CMakeFiles/kctsb_static.dir/src/crypto/rsa/dsa.cpp.obj
[20/251] Building CXX object CMakeFiles/kctsb_static.dir/src/advanced/sss/ShamirSSS.cpp.obj
[21/251] Building CXX object CMakeFiles/kctsb_static.dir/src/crypto/ecc/ecc_optimized.cpp.obj
[22/251] Building CXX object CMakeFiles/kctsb_static.dir/src/crypto/rsa/rsa.cpp.obj
[23/251] Building CXX object CMakeFiles/kctsb_static.dir/src/advanced/zk/ffs/ffs1.cpp.obj
[24/251] Building CXX object CMakeFiles/kctsb_static.dir/src/crypto/ecc/ecc_curve.cpp.obj
[25/251] Building CXX object CMakeFiles/kctsb_static.dir/src/advanced/zk/ffs/ffsa.cpp.obj
[26/251] Building CXX object CMakeFiles/kctsb_static.dir/src/advanced/zk/ffs/kc_ffs.cpp.obj
[27/251] Building CXX object CMakeFiles/kctsb_static.dir/src/advanced/otp/otp.cpp.obj
[28/251] Building CXX object CMakeFiles/kctsb_static.dir/src/math/probabilitystatistics.cpp.obj
[29/251] Building CXX object CMakeFiles/kctsb_static.dir/src/crypto/ecc/ecdh.cpp.obj
[30/251] Building CXX object CMakeFiles/kctsb_static.dir/src/crypto/ecc/ecies.cpp.obj
[31/251] Building CXX object CMakeFiles/kctsb_static.dir/src/crypto/ecc/ecdsa.cpp.obj
[32/251] Building CXX object CMakeFiles/kctsb_static.dir/src/advanced/lattice/kc_latt.cpp.obj
[33/251] Building CXX object CMakeFiles/kctsb_static.dir/src/advanced/psi/piano_psi.cpp.obj
[34/251] Building CXX object CMakeFiles/kctsb_static.dir/src/advanced/zk/zkp.cpp.obj
[35/251] Building CXX object CMakeFiles/kctsb_static.dir/src/math/bignum/core/BasicThreadPool.cpp.obj
[36/251] Building CXX object CMakeFiles/kctsb_static.dir/src/math/decimal.cpp.obj
[37/251] Building CXX object CMakeFiles/kctsb_static.dir/src/math/common.cpp.obj
[38/251] Building CXX object CMakeFiles/kctsb_static.dir/src/math/bignum/core/WordVector.cpp.obj
[39/251] Building CXX object CMakeFiles/kctsb_static.dir/src/math/bignum/core/ZZVec.cpp.obj
[40/251] Building CXX object CMakeFiles/kctsb_static.dir/src/math/Polynomials.cpp.obj
[41/251] Building CXX object CMakeFiles/kctsb_static.dir/src/math/bignum/core/fileio.cpp.obj
[42/251] Building CXX object CMakeFiles/kctsb_static.dir/src/math/bignum/core/tools.cpp.obj
[43/251] Building CXX object CMakeFiles/kctsb_static.dir/src/math/bignum/core/thread.cpp.obj
[44/251] Building CXX object CMakeFiles/kctsb_static.dir/src/math/linevector.cpp.obj
[45/251] Building CXX object CMakeFiles/kctsb_static.dir/src/math/bignum/ring/GF2.cpp.obj
[46/251] Building CXX object CMakeFiles/kctsb_static.dir/src/math/bignum/core/ctools.cpp.obj
[47/251] Building CXX object CMakeFiles/kctsb_static.dir/src/math/bignum/core/kcgmp.cpp.obj
[48/251] Building CXX object CMakeFiles/kctsb_static.dir/src/math/bignum/ring/GF2E.cpp.obj
[49/251] Building CXX object CMakeFiles/kctsb_static.dir/src/math/bignum/ring/ZZ_p.cpp.obj
[50/251] Building CXX object CMakeFiles/kctsb_static.dir/src/math/bignum/ring/ZZ_pE.cpp.obj
[51/251] Building CXX object CMakeFiles/kctsb_static.dir/src/math/bignum/ring/lzz_p.cpp.obj
[52/251] Building CXX object CMakeFiles/kctsb_static.dir/src/math/bignum/ring/lzz_pE.cpp.obj
[53/251] Building CXX object CMakeFiles/kctsb_static.dir/src/math/bignum/vector/vec_GF2.cpp.obj
[54/251] Building CXX object CMakeFiles/kctsb_static.dir/src/math/bignum/vector/vec_GF2E.cpp.obj
[55/251] Building CXX object CMakeFiles/kctsb_static.dir/src/math/bignum/vector/vec_ZZ.cpp.obj
[56/251] Building CXX object CMakeFiles/kctsb_static.dir/src/math/bignum/core/ZZ.cpp.obj
[57/251] Building CXX object CMakeFiles/kctsb_static.dir/src/math/bignum/vector/vec_lzz_p.cpp.obj
[58/251] Building CXX object CMakeFiles/kctsb_static.dir/src/math/bignum/vector/vec_ZZ_p.cpp.obj
[59/251] Building CXX object CMakeFiles/kctsb_static.dir/src/math/bignum/vector/vec_ZZ_pE.cpp.obj
[60/251] Building CXX object CMakeFiles/kctsb_static.dir/src/math/bignum/vector/vec_lzz_pE.cpp.obj
[61/251] Building CXX object CMakeFiles/kctsb_static.dir/src/math/bignum/matrix/MatPrime.cpp.obj
[62/251] Building CXX object CMakeFiles/kctsb_static.dir/src/math/bignum/matrix/mat_GF2.cpp.obj
[63/251] Building CXX object CMakeFiles/kctsb_static.dir/src/math/bignum/matrix/mat_GF2E.cpp.obj
[64/251] Building CXX object CMakeFiles/kctsb_static.dir/src/math/bignum/matrix/mat_ZZ.cpp.obj
[65/251] Building CXX object CMakeFiles/kctsb_static.dir/src/math/bignum/matrix/mat_poly_ZZ.cpp.obj
[66/251] Building CXX object CMakeFiles/kctsb_static.dir/src/math/bignum/matrix/mat_ZZ_pE.cpp.obj
[67/251] Building CXX object CMakeFiles/kctsb_static.dir/src/math/bignum/matrix/mat_poly_ZZ_p.cpp.obj
[68/251] Building CXX object CMakeFiles/kctsb_static.dir/src/math/bignum/matrix/mat_ZZ_p.cpp.obj
[69/251] Building CXX object CMakeFiles/kctsb_static.dir/src/math/bignum/matrix/mat_poly_lzz_p.cpp.obj
[70/251] Building CXX object CMakeFiles/kctsb_static.dir/src/math/bignum/matrix/mat_lzz_pE.cpp.obj
[71/251] Building CXX object CMakeFiles/kctsb_static.dir/src/math/bignum/poly/GF2XVec.cpp.obj
[72/251] Building CXX object CMakeFiles/kctsb_static.dir/src/math/bignum/poly/GF2XFactoring.cpp.obj
[73/251] Building CXX object CMakeFiles/kctsb_static.dir/src/math/bignum/poly/GF2EXFactoring.cpp.obj
[74/251] Building CXX object CMakeFiles/kctsb_static.dir/src/math/bignum/poly/ZZXCharPoly.cpp.obj
[75/251] Building CXX object CMakeFiles/kctsb_static.dir/src/math/bignum/poly/ZZX.cpp.obj
[76/251] Building CXX object CMakeFiles/kctsb_static.dir/src/math/bignum/poly/GF2EX.cpp.obj
[77/251] Building CXX object CMakeFiles/kctsb_static.dir/src/math/bignum/poly/GF2X1.cpp.obj
[78/251] Building CXX object CMakeFiles/kctsb_static.dir/src/math/bignum/poly/GF2X.cpp.obj
[79/251] Building CXX object CMakeFiles/kctsb_static.dir/src/math/bignum/poly/ZZ_pEXFactoring.cpp.obj
[80/251] Building CXX object CMakeFiles/kctsb_static.dir/src/math/bignum/poly/ZZ_pXCharPoly.cpp.obj
[81/251] Building CXX object CMakeFiles/kctsb_static.dir/src/math/bignum/poly/ZZ_pEX.cpp.obj
[82/251] Building CXX object CMakeFiles/kctsb_static.dir/src/math/bignum/matrix/mat_lzz_p.cpp.obj
[83/251] Building CXX object CMakeFiles/kctsb_static.dir/src/math/bignum/poly/ZZ_pX1.cpp.obj
[84/251] Building CXX object CMakeFiles/kctsb_static.dir/src/math/bignum/poly/ZZX1.cpp.obj
[85/251] Building CXX object CMakeFiles/kctsb_static.dir/src/math/bignum/poly/ZZXFactoring.cpp.obj
[86/251] Building CXX object CMakeFiles/kctsb_static.dir/src/math/bignum/poly/ZZ_pX.cpp.obj
[87/251] Building CXX object CMakeFiles/kctsb_static.dir/src/math/bignum/poly/ZZ_pXFactoring.cpp.obj
[88/251] Building CXX object CMakeFiles/kctsb_static.dir/src/math/bignum/fft/pd_FFT.cpp.obj
[89/251] Building CXX object CMakeFiles/kctsb_static.dir/src/math/bignum/poly/lzz_pEXFactoring.cpp.obj
[90/251] Building CXX object CMakeFiles/kctsb_static.dir/src/math/bignum/poly/lzz_pXCharPoly.cpp.obj
[91/251] Building CXX object CMakeFiles/kctsb_static.dir/src/utils/byte_order.cpp.obj
[92/251] Building CXX object CMakeFiles/kctsb_static.dir/src/math/bignum/poly/lzz_pX.cpp.obj
[93/251] Building CXX object CMakeFiles/kctsb_static.dir/src/math/bignum/poly/lzz_pX1.cpp.obj
[94/251] Building CXX object CMakeFiles/kctsb_static.dir/src/math/bignum/lattice/FacVec.cpp.obj
[95/251] Building CXX object CMakeFiles/kctsb_shared.dir/src/crypto/blake2.cpp.obj
[96/251] Building CXX object CMakeFiles/kctsb_static.dir/src/math/bignum/poly/lzz_pEX.cpp.obj
[97/251] Building CXX object CMakeFiles/kctsb_static.dir/src/math/bignum/poly/lzz_pXFactoring.cpp.obj
[98/251] Building CXX object CMakeFiles/kctsb_static.dir/src/math/bignum/fft/FFT.cpp.obj
[99/251] Building CXX object CMakeFiles/kctsb_static.dir/src/math/bignum/lattice/HNF.cpp.obj
[100/251] Building CXX object CMakeFiles/kctsb_static.dir/src/math/bignum/lattice/LLL.cpp.obj
[101/251] Building CXX object CMakeFiles/kctsb_static.dir/src/utils/encoding.cpp.obj
[102/251] Building CXX object CMakeFiles/kctsb_shared.dir/src/crypto/sm/zuc.cpp.obj
[103/251] Building C object CMakeFiles/kctsb_shared.dir/src/advanced/whitebox/whitebox_aes.c.obj
[104/251] Building CXX object CMakeFiles/kctsb_shared.dir/src/crypto/mac.cpp.obj
[105/251] Building CXX object CMakeFiles/kctsb_static.dir/src/utils/console.cpp.obj
[106/251] Building CXX object CMakeFiles/kctsb_shared.dir/src/crypto/sha256.cpp.obj
[107/251] Building CXX object CMakeFiles/kctsb_shared.dir/src/core/security.cpp.obj
[108/251] Building CXX object CMakeFiles/kctsb_shared.dir/src/crypto/sha512.cpp.obj
[109/251] Building CXX object CMakeFiles/kctsb_shared.dir/src/crypto/rsa/ElGamal.cpp.obj
[110/251] Building CXX object CMakeFiles/kctsb_shared.dir/src/crypto/sha3.cpp.obj
[111/251] Building CXX object CMakeFiles/kctsb_shared.dir/src/core/export.cpp.obj
[112/251] Building CXX object CMakeFiles/kctsb_shared.dir/src/crypto/aes.cpp.obj
[113/251] Building CXX object CMakeFiles/kctsb_shared.dir/src/crypto/sm/sm2.cpp.obj
[114/251] Building CXX object CMakeFiles/kctsb_shared.dir/src/crypto/sm/sm3.cpp.obj
[115/251] Building CXX object CMakeFiles/kctsb_shared.dir/src/crypto/chacha20_poly1305.cpp.obj
[116/251] Building CXX object CMakeFiles/kctsb_shared.dir/src/crypto/sm/sm4.cpp.obj
[117/251] Building CXX object CMakeFiles/kctsb_shared.dir/src/simd/simd.cpp.obj
[118/251] Building CXX object CMakeFiles/kctsb_shared.dir/src/crypto/rsa/dh.cpp.obj
[119/251] Building CXX object CMakeFiles/kctsb_shared.dir/src/advanced/sss/ShamirSSS.cpp.obj
[120/251] Building CXX object CMakeFiles/kctsb_shared.dir/src/crypto/rsa/dsa.cpp.obj
[121/251] Building CXX object CMakeFiles/kctsb_shared.dir/src/advanced/sss/kc_sss.cpp.obj
[122/251] Building CXX object CMakeFiles/kctsb_shared.dir/src/advanced/zk/ffs/ffs1.cpp.obj
[123/251] Building CXX object CMakeFiles/kctsb_shared.dir/src/crypto/ecc/ecc_optimized.cpp.obj
[124/251] Building CXX object CMakeFiles/kctsb_shared.dir/src/advanced/zk/ffs/ffsa.cpp.obj
[125/251] Building CXX object CMakeFiles/kctsb_shared.dir/src/crypto/ecc/ecc_curve.cpp.obj
[126/251] Building CXX object CMakeFiles/kctsb_shared.dir/src/crypto/rsa/rsa.cpp.obj
[127/251] Building CXX object CMakeFiles/kctsb_shared.dir/src/advanced/zk/ffs/kc_ffs.cpp.obj
[128/251] Building CXX object CMakeFiles/kctsb_shared.dir/src/advanced/otp/otp.cpp.obj
[129/251] Building CXX object CMakeFiles/kctsb_shared.dir/src/crypto/ecc/ecdsa.cpp.obj
[130/251] Building CXX object CMakeFiles/kctsb_shared.dir/src/math/probabilitystatistics.cpp.obj
[131/251] Building CXX object CMakeFiles/kctsb_shared.dir/src/crypto/ecc/ecies.cpp.obj
[132/251] Building CXX object CMakeFiles/kctsb_shared.dir/src/crypto/ecc/ecdh.cpp.obj
[133/251] Building CXX object CMakeFiles/kctsb_shared.dir/src/advanced/lattice/kc_latt.cpp.obj
[134/251] Building CXX object CMakeFiles/kctsb_shared.dir/src/advanced/psi/piano_psi.cpp.obj
[135/251] Building CXX object CMakeFiles/kctsb_shared.dir/src/advanced/zk/zkp.cpp.obj
[136/251] Building CXX object CMakeFiles/kctsb_shared.dir/src/math/bignum/core/BasicThreadPool.cpp.obj
[137/251] Building CXX object CMakeFiles/kctsb_shared.dir/src/math/decimal.cpp.obj
[138/251] Building CXX object CMakeFiles/kctsb_shared.dir/src/math/common.cpp.obj
[139/251] Building CXX object CMakeFiles/kctsb_shared.dir/src/math/Polynomials.cpp.obj
[140/251] Building CXX object CMakeFiles/kctsb_shared.dir/src/math/bignum/core/WordVector.cpp.obj
[141/251] Building CXX object CMakeFiles/kctsb_shared.dir/src/math/bignum/core/ZZVec.cpp.obj
[142/251] Building CXX object CMakeFiles/kctsb_shared.dir/src/math/bignum/core/fileio.cpp.obj
[143/251] Building CXX object CMakeFiles/kctsb_shared.dir/src/math/bignum/core/tools.cpp.obj
[144/251] Building CXX object CMakeFiles/kctsb_shared.dir/src/math/bignum/core/thread.cpp.obj
[145/251] Building CXX object CMakeFiles/kctsb_shared.dir/src/math/linevector.cpp.obj
[146/251] Building CXX object CMakeFiles/kctsb_shared.dir/src/math/bignum/ring/GF2.cpp.obj
[147/251] Building CXX object CMakeFiles/kctsb_shared.dir/src/math/bignum/core/kcgmp.cpp.obj
[148/251] Building CXX object CMakeFiles/kctsb_shared.dir/src/math/bignum/core/ctools.cpp.obj
[149/251] Building CXX object CMakeFiles/kctsb_shared.dir/src/math/bignum/ring/GF2E.cpp.obj
[150/251] Building CXX object CMakeFiles/kctsb_shared.dir/src/math/bignum/ring/ZZ_p.cpp.obj
[151/251] Building CXX object CMakeFiles/kctsb_shared.dir/src/math/bignum/ring/ZZ_pE.cpp.obj
[152/251] Building CXX object CMakeFiles/kctsb_shared.dir/src/math/bignum/ring/lzz_p.cpp.obj
[153/251] Building CXX object CMakeFiles/kctsb_shared.dir/src/math/bignum/vector/vec_GF2.cpp.obj
[154/251] Building CXX object CMakeFiles/kctsb_shared.dir/src/math/bignum/ring/lzz_pE.cpp.obj
[155/251] Building CXX object CMakeFiles/kctsb_shared.dir/src/math/bignum/vector/vec_ZZ.cpp.obj
[156/251] Building CXX object CMakeFiles/kctsb_shared.dir/src/math/bignum/vector/vec_GF2E.cpp.obj
[157/251] Building CXX object CMakeFiles/kctsb_shared.dir/src/math/bignum/core/ZZ.cpp.obj
[158/251] Building CXX object CMakeFiles/kctsb_shared.dir/src/math/bignum/vector/vec_ZZ_p.cpp.obj
[159/251] Building CXX object CMakeFiles/kctsb_shared.dir/src/math/bignum/vector/vec_lzz_p.cpp.obj
[160/251] Building CXX object CMakeFiles/kctsb_shared.dir/src/math/bignum/vector/vec_ZZ_pE.cpp.obj
[161/251] Building CXX object CMakeFiles/kctsb_shared.dir/src/math/bignum/vector/vec_lzz_pE.cpp.obj
[162/251] Building CXX object CMakeFiles/kctsb_shared.dir/src/math/bignum/matrix/MatPrime.cpp.obj
[163/251] Building CXX object CMakeFiles/kctsb_shared.dir/src/math/bignum/matrix/mat_GF2.cpp.obj
[164/251] Building CXX object CMakeFiles/kctsb_shared.dir/src/math/bignum/matrix/mat_GF2E.cpp.obj
[165/251] Building CXX object CMakeFiles/kctsb_shared.dir/src/math/bignum/matrix/mat_ZZ.cpp.obj
[166/251] Building CXX object CMakeFiles/kctsb_shared.dir/src/math/bignum/matrix/mat_ZZ_pE.cpp.obj
[167/251] Building CXX object CMakeFiles/kctsb_shared.dir/src/math/bignum/matrix/mat_poly_ZZ_p.cpp.obj
[168/251] Building CXX object CMakeFiles/kctsb_shared.dir/src/math/bignum/matrix/mat_poly_ZZ.cpp.obj
[169/251] Building CXX object CMakeFiles/kctsb_static.dir/src/advanced/fe/bgv/bgv_encoder.cpp.obj
FAILED: [code=1] CMakeFiles/kctsb_static.dir/src/advanced/fe/bgv/bgv_encoder.cpp.obj 
C:\msys64\mingw64\bin\g++.exe -DKCTSB_BENCHMARK_HAS_OPENSSL -DKCTSB_BUILDING -DKCTSB_EXCEPTIONS -DKCTSB_GF2X_LIB -DKCTSB_GMP_LIP -DKCTSB_HAS_BIGNUM_MODULES -DKCTSB_HAS_GF2X -DKCTSB_HAS_GMP -DKCTSB_HAS_GMPXX -DKCTSB_HAVE_ALIGNED_ARRAY -DKCTSB_HAVE_BUILTIN_CLZL -DKCTSB_HAVE_CHRONO_TIME -DKCTSB_HAVE_LL_TYPE -DKCTSB_PLATFORM_WINDOWS -DKCTSB_STD_CXX17 -DKCTSB_THREADS -DNOMINMAX -DNTL_EXCEPTIONS -DNTL_GF2X_LIB -DNTL_GMP_LIP -DNTL_HAVE_ALIGNED_ARRAY -DNTL_HAVE_BUILTIN_CLZL -DNTL_HAVE_CHRONO_TIME -DNTL_HAVE_COPY_TRAITS1 -DNTL_HAVE_COPY_TRAITS2 -DNTL_HAVE_LL_TYPE -DNTL_STD_CXX17 -DNTL_THREADS -DWIN32_LEAN_AND_MEAN -D_CRT_SECURE_NO_WARNINGS -ID:/pyproject/kctsb/include -isystem D:/pyproject/kctsb/thirdparty/win-x64/include -isystem D:/pyproject/kctsb/thirdparty/include -O3 -DNDEBUG -std=c++17 -O3 -march=native -mtune=native -funroll-loops -fomit-frame-pointer -fPIC -fstack-protector-strong -flto -maes -mpclmul -msse4.1 -msse4.2 -mssse3 -mavx2 -mbmi2 -msha -Wall -Wextra -Wpedantic -Werror=return-type -Werror=uninitialized -Wno-unused-parameter -Wno-sign-conversion -Wno-conversion -finput-charset=UTF-8 -fexec-charset=UTF-8 -Wno-old-style-cast -Wno-deprecated-copy -Wno-useless-cast -Wno-double-promotion -Wno-unused-variable -Wno-unused-but-set-variable -Wno-unused-function -Wno-misleading-indentation -MD -MT CMakeFiles/kctsb_static.dir/src/advanced/fe/bgv/bgv_encoder.cpp.obj -MF CMakeFiles\kctsb_static.dir\src\advanced\fe\bgv\bgv_encoder.cpp.obj.d -o CMakeFiles/kctsb_static.dir/src/advanced/fe/bgv/bgv_encoder.cpp.obj -c D:/pyproject/kctsb/src/advanced/fe/bgv/bgv_encoder.cpp
In file included from D:/pyproject/kctsb/include/kctsb/advanced/fe/bgv/bgv_encoder.hpp:17,
                 from D:/pyproject/kctsb/src/advanced/fe/bgv/bgv_encoder.cpp:12:
D:/pyproject/kctsb/include/kctsb/advanced/fe/bgv/bgv_types.hpp:42:7: error: 'NTL' has not been declared
   42 | using NTL::ZZ;
      |       ^~~
D:/pyproject/kctsb/include/kctsb/advanced/fe/bgv/bgv_types.hpp:43:7: error: 'NTL' has not been declared
   43 | using NTL::ZZ_p;
      |       ^~~
D:/pyproject/kctsb/include/kctsb/advanced/fe/bgv/bgv_types.hpp:44:7: error: 'NTL' has not been declared
   44 | using NTL::ZZ_pX;
      |       ^~~
D:/pyproject/kctsb/include/kctsb/advanced/fe/bgv/bgv_types.hpp:45:7: error: 'NTL' has not been declared
   45 | using NTL::ZZ_pE;
      |       ^~~
D:/pyproject/kctsb/include/kctsb/advanced/fe/bgv/bgv_types.hpp:46:7: error: 'NTL' has not been declared
   46 | using NTL::ZZ_pEX;
      |       ^~~
D:/pyproject/kctsb/include/kctsb/advanced/fe/bgv/bgv_types.hpp:47:7: error: 'NTL' has not been declared
   47 | using NTL::vec_ZZ;
      |       ^~~
D:/pyproject/kctsb/include/kctsb/advanced/fe/bgv/bgv_types.hpp:48:7: error: 'NTL' has not been declared
   48 | using NTL::vec_ZZ_p;
      |       ^~~
D:/pyproject/kctsb/include/kctsb/advanced/fe/bgv/bgv_types.hpp:49:7: error: 'NTL' has not been declared
   49 | using NTL::vec_ZZ_pE;
      |       ^~~
D:/pyproject/kctsb/include/kctsb/advanced/fe/bgv/bgv_types.hpp:50:7: error: 'NTL' has not been declared
   50 | using NTL::mat_ZZ;
      |       ^~~
D:/pyproject/kctsb/src/advanced/fe/bgv/bgv_encoder.cpp: In constructor 'kctsb::fhe::bgv::BGVPlaintext::BGVPlaintext(uint64_t)':
D:/pyproject/kctsb/src/advanced/fe/bgv/bgv_encoder.cpp:30:5: error: 'NTL' has not been declared
   30 |     NTL::SetCoeff(data_.poly(), 0, conv<ZZ_p>(value));
      |     ^~~
D:/pyproject/kctsb/src/advanced/fe/bgv/bgv_encoder.cpp: In constructor 'kctsb::fhe::bgv::BGVPlaintext::BGVPlaintext(const std::vector<long long int>&)':
D:/pyproject/kctsb/src/advanced/fe/bgv/bgv_encoder.cpp:41:9: error: 'NTL' has not been declared
   41 |         NTL::SetCoeff(data_.poly(), i, conv<ZZ_p>(val));
      |         ^~~
D:/pyproject/kctsb/src/advanced/fe/bgv/bgv_encoder.cpp: In constructor 'kctsb::fhe::bgv::BGVEncoder::BGVEncoder(const kctsb::fhe::bgv::BGVContext&)':
D:/pyproject/kctsb/src/advanced/fe/bgv/bgv_encoder.cpp:69:10: error: invalid use of incomplete type 'const class kctsb::fhe::bgv::BGVContext'
   69 |     , t_(context.plaintext_modulus())
      |          ^~~~~~~
D:/pyproject/kctsb/include/kctsb/advanced/fe/bgv/bgv_types.hpp:53:7: note: forward declaration of 'class kctsb::fhe::bgv::BGVContext'
   53 | class BGVContext;
      |       ^~~~~~~~~~
D:/pyproject/kctsb/src/advanced/fe/bgv/bgv_encoder.cpp:70:19: error: invalid use of incomplete type 'const class kctsb::fhe::bgv::BGVContext'
   70 |     , slot_count_(context.slot_count()) {
      |                   ^~~~~~~
D:/pyproject/kctsb/include/kctsb/advanced/fe/bgv/bgv_types.hpp:53:7: note: forward declaration of 'class kctsb::fhe::bgv::BGVContext'
   53 | class BGVContext;
      |       ^~~~~~~~~~
D:/pyproject/kctsb/src/advanced/fe/bgv/bgv_encoder.cpp: In member function 'void kctsb::fhe::bgv::BGVEncoder::initialize_batch_encoder()':
D:/pyproject/kctsb/src/advanced/fe/bgv/bgv_encoder.cpp:85:18: error: invalid use of incomplete type 'const class kctsb::fhe::bgv::BGVContext'
   85 |     uint64_t m = context_.params().m;
      |                  ^~~~~~~~
D:/pyproject/kctsb/include/kctsb/advanced/fe/bgv/bgv_types.hpp:53:7: note: forward declaration of 'class kctsb::fhe::bgv::BGVContext'
   53 | class BGVContext;
      |       ^~~~~~~~~~
D:/pyproject/kctsb/src/advanced/fe/bgv/bgv_encoder.cpp:86:18: error: invalid use of incomplete type 'const class kctsb::fhe::bgv::BGVContext'
   86 |     uint64_t n = context_.params().n;
      |                  ^~~~~~~~
D:/pyproject/kctsb/include/kctsb/advanced/fe/bgv/bgv_types.hpp:53:7: note: forward declaration of 'class kctsb::fhe::bgv::BGVContext'
   53 | class BGVContext;
      |       ^~~~~~~~~~
D:/pyproject/kctsb/src/advanced/fe/bgv/bgv_encoder.cpp: In member function 'kctsb::fhe::bgv::BGVPlaintext kctsb::fhe::bgv::BGVEncoder::encode(int64_t) const':
D:/pyproject/kctsb/src/advanced/fe/bgv/bgv_encoder.cpp:119:5: error: 'NTL' has not been declared
  119 |     NTL::SetCoeff(pt.data().poly(), 0, conv<ZZ_p>(reduced));
      |     ^~~
D:/pyproject/kctsb/src/advanced/fe/bgv/bgv_encoder.cpp: In member function 'kctsb::fhe::bgv::BGVPlaintext kctsb::fhe::bgv::BGVEncoder::encode(const kctsb::ZZ&) const':
D:/pyproject/kctsb/src/advanced/fe/bgv/bgv_encoder.cpp:135:5: error: 'NTL' has not been declared
  135 |     NTL::SetCoeff(pt.data().poly(), 0, conv<ZZ_p>(reduced));
      |     ^~~
D:/pyproject/kctsb/src/advanced/fe/bgv/bgv_encoder.cpp: In member function 'kctsb::fhe::bgv::BGVPlaintext kctsb::fhe::bgv::BGVEncoder::encode_batch(const std::vector<long long int>&) const':
D:/pyproject/kctsb/src/advanced/fe/bgv/bgv_encoder.cpp:186:9: error: 'NTL' has not been declared
  186 |         NTL::SetCoeff(pt.data().poly(), slot_mapping_[i], conv<ZZ_p>(val));
      |         ^~~
D:/pyproject/kctsb/src/advanced/fe/bgv/bgv_encoder.cpp: In member function 'std::vector<long long unsigned int> kctsb::fhe::bgv::BGVEncoder::decode_batch_unsigned(const kctsb::fhe::bgv::BGVPlaintext&) const':
D:/pyproject/kctsb/src/advanced/fe/bgv/bgv_encoder.cpp:255:35: error: invalid initialization of reference of type 'const kctsb::ZZ&' from expression of type 'long int'
  255 |         result[i] = to_ulong(coef % t_);
      |                              ~~~~~^~~~
In file included from D:/pyproject/kctsb/include/kctsb/advanced/fe/bgv/bgv_types.hpp:28:
D:/pyproject/kctsb/include/kctsb/math/bignum/ZZ.h:268:41: note: in passing argument 1 of 'long unsigned int kctsb::to_ulong(const ZZ&)'
  268 | inline unsigned long to_ulong(const ZZ& a)  { return _kctsb_gtouint(a.rep); }
      |                               ~~~~~~~~~~^
D:/pyproject/kctsb/src/advanced/fe/bgv/bgv_encoder.cpp: In member function 'kctsb::fhe::bgv::BGVPlaintext kctsb::fhe::bgv::BGVEncoder::encode_poly(const std::vector<long long int>&) const':
D:/pyproject/kctsb/src/advanced/fe/bgv/bgv_encoder.cpp:293:9: error: 'NTL' has not been declared
  293 |         NTL::SetCoeff(pt.data().poly(), i, conv<ZZ_p>(val));
      |         ^~~
D:/pyproject/kctsb/src/advanced/fe/bgv/bgv_encoder.cpp: In constructor 'kctsb::fhe::bgv::BGVCoeffEncoder::BGVCoeffEncoder(const kctsb::fhe::bgv::BGVContext&)':
D:/pyproject/kctsb/src/advanced/fe/bgv/bgv_encoder.cpp:324:10: error: invalid use of incomplete type 'const class kctsb::fhe::bgv::BGVContext'
  324 |     , t_(context.plaintext_modulus())
      |          ^~~~~~~
D:/pyproject/kctsb/include/kctsb/advanced/fe/bgv/bgv_types.hpp:53:7: note: forward declaration of 'class kctsb::fhe::bgv::BGVContext'
   53 | class BGVContext;
      |       ^~~~~~~~~~
D:/pyproject/kctsb/src/advanced/fe/bgv/bgv_encoder.cpp:325:10: error: invalid use of incomplete type 'const class kctsb::fhe::bgv::BGVContext'
  325 |     , n_(context.ring_degree()) {
      |          ^~~~~~~
D:/pyproject/kctsb/include/kctsb/advanced/fe/bgv/bgv_types.hpp:53:7: note: forward declaration of 'class kctsb::fhe::bgv::BGVContext'
   53 | class BGVContext;
      |       ^~~~~~~~~~
D:/pyproject/kctsb/src/advanced/fe/bgv/bgv_encoder.cpp: In member function 'kctsb::fhe::bgv::BGVPlaintext kctsb::fhe::bgv::BGVCoeffEncoder::encode(int64_t) const':
D:/pyproject/kctsb/src/advanced/fe/bgv/bgv_encoder.cpp:339:5: error: 'NTL' has not been declared
  339 |     NTL::SetCoeff(pt.data().poly(), 0, conv<ZZ_p>(reduced));
      |     ^~~
D:/pyproject/kctsb/src/advanced/fe/bgv/bgv_encoder.cpp: In member function 'kctsb::fhe::bgv::BGVPlaintext kctsb::fhe::bgv::BGVCoeffEncoder::encode(const std::vector<long long int>&) const':
D:/pyproject/kctsb/src/advanced/fe/bgv/bgv_encoder.cpp:357:9: error: 'NTL' has not been declared
  357 |         NTL::SetCoeff(pt.data().poly(), i, conv<ZZ_p>(val));
      |         ^~~
In file included from D:/pyproject/kctsb/include/kctsb/math/bignum/ZZ.h:19:
D:/pyproject/kctsb/include/kctsb/math/bignum/tools.h: In instantiation of 'T kctsb::conv(const S&) [with T = ZZ; S = long long unsigned int]':
D:/pyproject/kctsb/src/advanced/fe/bgv/bgv_encoder.cpp:111:24:   required from here
  111 |     ZZ_p::init(conv<ZZ>(t_));
      |                ~~~~~~~~^~~~
D:/pyproject/kctsb/include/kctsb/math/bignum/tools.h:1226:8: error: call of overloaded 'conv(kctsb::ZZ&, const long long unsigned int&)' is ambiguous
 1226 |    conv(x, a);
      |    ~~~~^~~~~~
D:/pyproject/kctsb/include/kctsb/math/bignum/tools.h:1226:8: note: there are 95 candidates
D:/pyproject/kctsb/include/kctsb/math/bignum/ZZ.h:252:13: note: candidate 1: 'void kctsb::conv(ZZ&, float)'
  252 | inline void conv(ZZ& x, float a) { _kctsb_gdoubtoz(double(a), &x.rep); }
      |             ^~~~
D:/pyproject/kctsb/include/kctsb/math/bignum/ZZ.h:248:13: note: candidate 2: 'void kctsb::conv(ZZ&, double)'
  248 | inline void conv(ZZ& x, double a) { _kctsb_gdoubtoz(a, &x.rep); }
      |             ^~~~
D:/pyproject/kctsb/include/kctsb/math/bignum/ZZ.h:242:13: note: candidate 3: 'void kctsb::conv(ZZ&, unsigned int)'
  242 | inline void conv(ZZ& x, unsigned int a) { _kctsb_guintoz((unsigned long)(a), &x.rep); }
      |             ^~~~
D:/pyproject/kctsb/include/kctsb/math/bignum/ZZ.h:239:13: note: candidate 4: 'void kctsb::conv(ZZ&, long unsigned int)'
  239 | inline void conv(ZZ& x, unsigned long a) { _kctsb_guintoz(a, &x.rep); }
      |             ^~~~
D:/pyproject/kctsb/include/kctsb/math/bignum/ZZ.h:236:13: note: candidate 5: 'void kctsb::conv(ZZ&, int)'
  236 | inline void conv(ZZ& x, int a) { _kctsb_gintoz(long(a), &x.rep); }
      |             ^~~~
D:/pyproject/kctsb/include/kctsb/math/bignum/ZZ.h:233:13: note: candidate 6: 'void kctsb::conv(ZZ&, long int)'
  233 | inline void conv(ZZ& x, long a) { _kctsb_gintoz(a, &x.rep); }
      |             ^~~~
[170/251] Building CXX object CMakeFiles/kctsb_shared.dir/src/math/bignum/matrix/mat_ZZ_p.cpp.obj
[171/251] Building CXX object CMakeFiles/kctsb_static.dir/src/advanced/fe/bgv/bgv_evaluator.cpp.obj
FAILED: [code=1] CMakeFiles/kctsb_static.dir/src/advanced/fe/bgv/bgv_evaluator.cpp.obj 
C:\msys64\mingw64\bin\g++.exe -DKCTSB_BENCHMARK_HAS_OPENSSL -DKCTSB_BUILDING -DKCTSB_EXCEPTIONS -DKCTSB_GF2X_LIB -DKCTSB_GMP_LIP -DKCTSB_HAS_BIGNUM_MODULES -DKCTSB_HAS_GF2X -DKCTSB_HAS_GMP -DKCTSB_HAS_GMPXX -DKCTSB_HAVE_ALIGNED_ARRAY -DKCTSB_HAVE_BUILTIN_CLZL -DKCTSB_HAVE_CHRONO_TIME -DKCTSB_HAVE_LL_TYPE -DKCTSB_PLATFORM_WINDOWS -DKCTSB_STD_CXX17 -DKCTSB_THREADS -DNOMINMAX -DNTL_EXCEPTIONS -DNTL_GF2X_LIB -DNTL_GMP_LIP -DNTL_HAVE_ALIGNED_ARRAY -DNTL_HAVE_BUILTIN_CLZL -DNTL_HAVE_CHRONO_TIME -DNTL_HAVE_COPY_TRAITS1 -DNTL_HAVE_COPY_TRAITS2 -DNTL_HAVE_LL_TYPE -DNTL_STD_CXX17 -DNTL_THREADS -DWIN32_LEAN_AND_MEAN -D_CRT_SECURE_NO_WARNINGS -ID:/pyproject/kctsb/include -isystem D:/pyproject/kctsb/thirdparty/win-x64/include -isystem D:/pyproject/kctsb/thirdparty/include -O3 -DNDEBUG -std=c++17 -O3 -march=native -mtune=native -funroll-loops -fomit-frame-pointer -fPIC -fstack-protector-strong -flto -maes -mpclmul -msse4.1 -msse4.2 -mssse3 -mavx2 -mbmi2 -msha -Wall -Wextra -Wpedantic -Werror=return-type -Werror=uninitialized -Wno-unused-parameter -Wno-sign-conversion -Wno-conversion -finput-charset=UTF-8 -fexec-charset=UTF-8 -Wno-old-style-cast -Wno-deprecated-copy -Wno-useless-cast -Wno-double-promotion -Wno-unused-variable -Wno-unused-but-set-variable -Wno-unused-function -Wno-misleading-indentation -MD -MT CMakeFiles/kctsb_static.dir/src/advanced/fe/bgv/bgv_evaluator.cpp.obj -MF CMakeFiles\kctsb_static.dir\src\advanced\fe\bgv\bgv_evaluator.cpp.obj.d -o CMakeFiles/kctsb_static.dir/src/advanced/fe/bgv/bgv_evaluator.cpp.obj -c D:/pyproject/kctsb/src/advanced/fe/bgv/bgv_evaluator.cpp
In file included from D:/pyproject/kctsb/include/kctsb/advanced/fe/bgv/bgv_context.hpp:17,
                 from D:/pyproject/kctsb/include/kctsb/advanced/fe/bgv/bgv_evaluator.hpp:19,
                 from D:/pyproject/kctsb/src/advanced/fe/bgv/bgv_evaluator.cpp:12:
D:/pyproject/kctsb/include/kctsb/advanced/fe/bgv/bgv_types.hpp:42:7: error: 'NTL' has not been declared
   42 | using NTL::ZZ;
      |       ^~~
D:/pyproject/kctsb/include/kctsb/advanced/fe/bgv/bgv_types.hpp:43:7: error: 'NTL' has not been declared
   43 | using NTL::ZZ_p;
      |       ^~~
D:/pyproject/kctsb/include/kctsb/advanced/fe/bgv/bgv_types.hpp:44:7: error: 'NTL' has not been declared
   44 | using NTL::ZZ_pX;
      |       ^~~
D:/pyproject/kctsb/include/kctsb/advanced/fe/bgv/bgv_types.hpp:45:7: error: 'NTL' has not been declared
   45 | using NTL::ZZ_pE;
      |       ^~~
D:/pyproject/kctsb/include/kctsb/advanced/fe/bgv/bgv_types.hpp:46:7: error: 'NTL' has not been declared
   46 | using NTL::ZZ_pEX;
      |       ^~~
D:/pyproject/kctsb/include/kctsb/advanced/fe/bgv/bgv_types.hpp:47:7: error: 'NTL' has not been declared
   47 | using NTL::vec_ZZ;
      |       ^~~
D:/pyproject/kctsb/include/kctsb/advanced/fe/bgv/bgv_types.hpp:48:7: error: 'NTL' has not been declared
   48 | using NTL::vec_ZZ_p;
      |       ^~~
D:/pyproject/kctsb/include/kctsb/advanced/fe/bgv/bgv_types.hpp:49:7: error: 'NTL' has not been declared
   49 | using NTL::vec_ZZ_pE;
      |       ^~~
D:/pyproject/kctsb/include/kctsb/advanced/fe/bgv/bgv_types.hpp:50:7: error: 'NTL' has not been declared
   50 | using NTL::mat_ZZ;
      |       ^~~
D:/pyproject/kctsb/include/kctsb/advanced/fe/bgv/bgv_context.hpp:130:10: error: 'map' in namespace 'std' does not name a template type
  130 |     std::map<uint64_t, std::vector<std::pair<RingElement, RingElement>>> keys_;
      |          ^~~
D:/pyproject/kctsb/include/kctsb/advanced/fe/bgv/bgv_context.hpp:20:1: note: 'std::map' is defined in header '<map>'; this is probably fixable by adding '#include <map>'
   19 | #include <functional>
  +++ |+#include <map>
   20 | 
D:/pyproject/kctsb/src/advanced/fe/bgv/bgv_evaluator.cpp: In member function 'kctsb::fhe::bgv::BGVCiphertext kctsb::fhe::bgv::BGVEvaluator::add(const kctsb::fhe::bgv::BGVCiphertext&, const kctsb::fhe::bgv::BGVCiphertext&) const':
D:/pyproject/kctsb/src/advanced/fe/bgv/bgv_evaluator.cpp:53:9: error: 'NTL' has not been declared
   53 |         NTL::rem(sum.poly(), sum.poly(), context_.cyclotomic());
      |         ^~~
D:/pyproject/kctsb/src/advanced/fe/bgv/bgv_evaluator.cpp: In member function 'kctsb::fhe::bgv::BGVCiphertext kctsb::fhe::bgv::BGVEvaluator::add_plain(const kctsb::fhe::bgv::BGVCiphertext&, const kctsb::fhe::bgv::BGVPlaintext&) const':
D:/pyproject/kctsb/src/advanced/fe/bgv/bgv_evaluator.cpp:71:5: error: 'NTL' has not been declared
   71 |     NTL::rem(result[0].poly(), result[0].poly(), context_.cyclotomic());
      |     ^~~
D:/pyproject/kctsb/src/advanced/fe/bgv/bgv_evaluator.cpp: In member function 'void kctsb::fhe::bgv::BGVEvaluator::add_inplace(kctsb::fhe::bgv::BGVCiphertext&, const kctsb::fhe::bgv::BGVCiphertext&) const':
D:/pyproject/kctsb/src/advanced/fe/bgv/bgv_evaluator.cpp:89:9: error: 'NTL' has not been declared
   89 |         NTL::rem(ct1[i].poly(), ct1[i].poly(), context_.cyclotomic());
      |         ^~~
D:/pyproject/kctsb/src/advanced/fe/bgv/bgv_evaluator.cpp: In member function 'void kctsb::fhe::bgv::BGVEvaluator::add_plain_inplace(kctsb::fhe::bgv::BGVCiphertext&, const kctsb::fhe::bgv::BGVPlaintext&) const':
D:/pyproject/kctsb/src/advanced/fe/bgv/bgv_evaluator.cpp:98:5: error: 'NTL' has not been declared
   98 |     NTL::rem(ct[0].poly(), ct[0].poly(), context_.cyclotomic());
      |     ^~~
D:/pyproject/kctsb/src/advanced/fe/bgv/bgv_evaluator.cpp: In member function 'kctsb::fhe::bgv::BGVCiphertext kctsb::fhe::bgv::BGVEvaluator::sub(const kctsb::fhe::bgv::BGVCiphertext&, const kctsb::fhe::bgv::BGVCiphertext&) const':
D:/pyproject/kctsb/src/advanced/fe/bgv/bgv_evaluator.cpp:125:9: error: 'NTL' has not been declared
  125 |         NTL::rem(diff.poly(), diff.poly(), context_.cyclotomic());
      |         ^~~
D:/pyproject/kctsb/src/advanced/fe/bgv/bgv_evaluator.cpp: In member function 'kctsb::fhe::bgv::BGVCiphertext kctsb::fhe::bgv::BGVEvaluator::sub_plain(const kctsb::fhe::bgv::BGVCiphertext&, const kctsb::fhe::bgv::BGVPlaintext&) const':
D:/pyproject/kctsb/src/advanced/fe/bgv/bgv_evaluator.cpp:139:5: error: 'NTL' has not been declared
  139 |     NTL::rem(result[0].poly(), result[0].poly(), context_.cyclotomic());
      |     ^~~
D:/pyproject/kctsb/src/advanced/fe/bgv/bgv_evaluator.cpp: In member function 'void kctsb::fhe::bgv::BGVEvaluator::sub_inplace(kctsb::fhe::bgv::BGVCiphertext&, const kctsb::fhe::bgv::BGVCiphertext&) const':
D:/pyproject/kctsb/src/advanced/fe/bgv/bgv_evaluator.cpp:151:9: error: 'NTL' has not been declared
  151 |         NTL::rem(ct1[i].poly(), ct1[i].poly(), context_.cyclotomic());
      |         ^~~
D:/pyproject/kctsb/src/advanced/fe/bgv/bgv_evaluator.cpp: In member function 'void kctsb::fhe::bgv::BGVEvaluator::sub_plain_inplace(kctsb::fhe::bgv::BGVCiphertext&, const kctsb::fhe::bgv::BGVPlaintext&) const':
D:/pyproject/kctsb/src/advanced/fe/bgv/bgv_evaluator.cpp:158:5: error: 'NTL' has not been declared
  158 |     NTL::rem(ct[0].poly(), ct[0].poly(), context_.cyclotomic());
      |     ^~~
D:/pyproject/kctsb/src/advanced/fe/bgv/bgv_evaluator.cpp: In member function 'kctsb::fhe::bgv::BGVCiphertext kctsb::fhe::bgv::BGVEvaluator::multiply(const kctsb::fhe::bgv::BGVCiphertext&, const kctsb::fhe::bgv::BGVCiphertext&) const':
D:/pyproject/kctsb/src/advanced/fe/bgv/bgv_evaluator.cpp:204:13: error: 'NTL' has not been declared
  204 |             NTL::rem(product.poly(), product.poly(), context_.cyclotomic());
      |             ^~~
D:/pyproject/kctsb/src/advanced/fe/bgv/bgv_evaluator.cpp:206:13: error: 'NTL' has not been declared
  206 |             NTL::rem(result[i + j].poly(), result[i + j].poly(),
      |             ^~~
D:/pyproject/kctsb/src/advanced/fe/bgv/bgv_evaluator.cpp: In member function 'kctsb::fhe::bgv::BGVCiphertext kctsb::fhe::bgv::BGVEvaluator::multiply_plain(const kctsb::fhe::bgv::BGVCiphertext&, const kctsb::fhe::bgv::BGVPlaintext&) const':
D:/pyproject/kctsb/src/advanced/fe/bgv/bgv_evaluator.cpp:228:9: error: 'NTL' has not been declared
  228 |         NTL::rem(product.poly(), product.poly(), context_.cyclotomic());
      |         ^~~
D:/pyproject/kctsb/src/advanced/fe/bgv/bgv_evaluator.cpp: In member function 'void kctsb::fhe::bgv::BGVEvaluator::multiply_plain_inplace(kctsb::fhe::bgv::BGVCiphertext&, const kctsb::fhe::bgv::BGVPlaintext&) const':
D:/pyproject/kctsb/src/advanced/fe/bgv/bgv_evaluator.cpp:248:9: error: 'NTL' has not been declared
  248 |         NTL::rem(ct[i].poly(), ct[i].poly(), context_.cyclotomic());
      |         ^~~
D:/pyproject/kctsb/src/advanced/fe/bgv/bgv_evaluator.cpp: In member function 'void kctsb::fhe::bgv::BGVEvaluator::relinearize_inplace(kctsb::fhe::bgv::BGVCiphertext&, const kctsb::fhe::bgv::BGVRelinKey&) const':
D:/pyproject/kctsb/src/advanced/fe/bgv/bgv_evaluator.cpp:310:13: error: 'NTL' has not been declared
  310 |             NTL::rem(d_b.poly(), d_b.poly(), context_.cyclotomic());
      |             ^~~
D:/pyproject/kctsb/src/advanced/fe/bgv/bgv_evaluator.cpp:311:13: error: 'NTL' has not been declared
  311 |             NTL::rem(d_a.poly(), d_a.poly(), context_.cyclotomic());
      |             ^~~
D:/pyproject/kctsb/src/advanced/fe/bgv/bgv_evaluator.cpp:317:9: error: 'NTL' has not been declared
  317 |         NTL::rem(new_c0.poly(), new_c0.poly(), context_.cyclotomic());
      |         ^~~
D:/pyproject/kctsb/src/advanced/fe/bgv/bgv_evaluator.cpp:318:9: error: 'NTL' has not been declared
  318 |         NTL::rem(new_c1.poly(), new_c1.poly(), context_.cyclotomic());
      |         ^~~
D:/pyproject/kctsb/src/advanced/fe/bgv/bgv_evaluator.cpp:324:9: error: 'NTL' has not been declared
  324 |         NTL::rem(ct[0].poly(), ct[0].poly(), context_.cyclotomic());
      |         ^~~
D:/pyproject/kctsb/src/advanced/fe/bgv/bgv_evaluator.cpp:325:9: error: 'NTL' has not been declared
  325 |         NTL::rem(ct[1].poly(), ct[1].poly(), context_.cyclotomic());
      |         ^~~
D:/pyproject/kctsb/src/advanced/fe/bgv/bgv_evaluator.cpp: In member function 'std::vector<kctsb::fhe::bgv::RingElement> kctsb::fhe::bgv::BGVEvaluator::decompose(const kctsb::fhe::bgv::RingElement&) const':
D:/pyproject/kctsb/src/advanced/fe/bgv/bgv_evaluator.cpp:341:15: error: 'NTL' has not been declared
  341 |     ZZ base = NTL::power(conv<ZZ>(2), 60);
      |               ^~~
D:/pyproject/kctsb/src/advanced/fe/bgv/bgv_evaluator.cpp:351:13: error: 'NTL' has not been declared
  351 |             NTL::SetCoeff(digits[d].poly(), i, conv<ZZ_p>(digit));
      |             ^~~
D:/pyproject/kctsb/src/advanced/fe/bgv/bgv_evaluator.cpp: In member function 'kctsb::fhe::bgv::BGVCiphertext kctsb::fhe::bgv::BGVEvaluator::key_switch(const kctsb::fhe::bgv::BGVCiphertext&, const std::vector<std::pair<kctsb::fhe::bgv::RingElement, kctsb::fhe::bgv::RingElement> >&) const':
D:/pyproject/kctsb/src/advanced/fe/bgv/bgv_evaluator.cpp:450:9: error: 'NTL' has not been declared
  450 |         NTL::rem(d_b.poly(), d_b.poly(), context_.cyclotomic());
      |         ^~~
D:/pyproject/kctsb/src/advanced/fe/bgv/bgv_evaluator.cpp:451:9: error: 'NTL' has not been declared
  451 |         NTL::rem(d_a.poly(), d_a.poly(), context_.cyclotomic());
      |         ^~~
D:/pyproject/kctsb/src/advanced/fe/bgv/bgv_evaluator.cpp:457:5: error: 'NTL' has not been declared
  457 |     NTL::rem(new_c0.poly(), new_c0.poly(), context_.cyclotomic());
      |     ^~~
D:/pyproject/kctsb/src/advanced/fe/bgv/bgv_evaluator.cpp:458:5: error: 'NTL' has not been declared
  458 |     NTL::rem(new_c1.poly(), new_c1.poly(), context_.cyclotomic());
      |     ^~~
D:/pyproject/kctsb/src/advanced/fe/bgv/bgv_evaluator.cpp: In member function 'void kctsb::fhe::bgv::BGVEvaluator::mod_switch_to_inplace(kctsb::fhe::bgv::BGVCiphertext&, uint32_t) const':
D:/pyproject/kctsb/src/advanced/fe/bgv/bgv_evaluator.cpp:524:17: error: 'NTL' has not been declared
  524 |                 NTL::SetCoeff(scaled.poly(), j, conv<ZZ_p>(rounded));
      |                 ^~~
D:/pyproject/kctsb/src/advanced/fe/bgv/bgv_evaluator.cpp:535:44: error: call of overloaded 'to_double(const __gnu_cxx::__alloc_traits<std::allocator<long long unsigned int>, long long unsigned int>::value_type&)' is ambiguous
  535 |                         std::log2(to_double(context_.params().primes[0])));
      |                                   ~~~~~~~~~^~~~~~~~~~~~~~~~~~~~~~~~~~~~~
D:/pyproject/kctsb/src/advanced/fe/bgv/bgv_evaluator.cpp:535:44: note: there are 7 candidates
In file included from D:/pyproject/kctsb/include/kctsb/math/bignum/ZZ.h:19,
                 from D:/pyproject/kctsb/include/kctsb/advanced/fe/bgv/bgv_types.hpp:28:
D:/pyproject/kctsb/include/kctsb/math/bignum/tools.h:348:15: note: candidate 1: 'double kctsb::to_double(int)'
  348 | inline double to_double(int a) { return double(a); }
      |               ^~~~~~~~~
D:/pyproject/kctsb/include/kctsb/math/bignum/tools.h:349:15: note: candidate 2: 'double kctsb::to_double(long int)'
  349 | inline double to_double(long a) { return double(a); }
      |               ^~~~~~~~~
D:/pyproject/kctsb/include/kctsb/math/bignum/tools.h:350:15: note: candidate 3: 'double kctsb::to_double(unsigned int)'
  350 | inline double to_double(unsigned a) { return double(a); }
      |               ^~~~~~~~~
D:/pyproject/kctsb/include/kctsb/math/bignum/tools.h:351:15: note: candidate 4: 'double kctsb::to_double(long unsigned int)'
  351 | inline double to_double(unsigned long a) { return double(a); }
      |               ^~~~~~~~~
D:/pyproject/kctsb/include/kctsb/math/bignum/tools.h:352:15: note: candidate 5: 'double kctsb::to_double(float)'
  352 | inline double to_double(float a) { return double(a); }
      |               ^~~~~~~~~
D:/pyproject/kctsb/include/kctsb/math/bignum/tools.h:353:15: note: candidate 6: 'double kctsb::to_double(double)'
  353 | inline double to_double(double a) { return a; }
      |               ^~~~~~~~~
D:/pyproject/kctsb/src/advanced/fe/bgv/bgv_evaluator.cpp: In member function 'const std::vector<std::pair<kctsb::fhe::bgv::RingElement, kctsb::fhe::bgv::RingElement> >& kctsb::fhe::bgv::BGVGaloisKey::get_key(uint64_t) const':
D:/pyproject/kctsb/src/advanced/fe/bgv/bgv_evaluator.cpp:614:15: error: 'keys_' was not declared in this scope
  614 |     auto it = keys_.find(galois_elt);
      |               ^~~~~
D:/pyproject/kctsb/src/advanced/fe/bgv/bgv_evaluator.cpp: In member function 'bool kctsb::fhe::bgv::BGVGaloisKey::has_key(uint64_t) const':
D:/pyproject/kctsb/src/advanced/fe/bgv/bgv_evaluator.cpp:623:12: error: 'keys_' was not declared in this scope
  623 |     return keys_.find(galois_elt) != keys_.end();
      |            ^~~~~
[172/251] Building CXX object CMakeFiles/kctsb_shared.dir/src/math/bignum/matrix/mat_poly_lzz_p.cpp.obj
[173/251] Building CXX object CMakeFiles/kctsb_shared.dir/src/math/bignum/matrix/mat_lzz_pE.cpp.obj
[174/251] Building CXX object CMakeFiles/kctsb_shared.dir/src/advanced/fe/bgv/bgv_encoder.cpp.obj
FAILED: [code=1] CMakeFiles/kctsb_shared.dir/src/advanced/fe/bgv/bgv_encoder.cpp.obj 
C:\msys64\mingw64\bin\g++.exe -DKCTSB_BENCHMARK_HAS_OPENSSL -DKCTSB_BUILDING -DKCTSB_EXCEPTIONS -DKCTSB_GF2X_LIB -DKCTSB_GMP_LIP -DKCTSB_HAS_BIGNUM_MODULES -DKCTSB_HAS_GF2X -DKCTSB_HAS_GMP -DKCTSB_HAS_GMPXX -DKCTSB_HAVE_ALIGNED_ARRAY -DKCTSB_HAVE_BUILTIN_CLZL -DKCTSB_HAVE_CHRONO_TIME -DKCTSB_HAVE_LL_TYPE -DKCTSB_PLATFORM_WINDOWS -DKCTSB_SHARED_LIBRARY -DKCTSB_STD_CXX17 -DKCTSB_THREADS -DNOMINMAX -DNTL_EXCEPTIONS -DNTL_GF2X_LIB -DNTL_GMP_LIP -DNTL_HAVE_ALIGNED_ARRAY -DNTL_HAVE_BUILTIN_CLZL -DNTL_HAVE_CHRONO_TIME -DNTL_HAVE_COPY_TRAITS1 -DNTL_HAVE_COPY_TRAITS2 -DNTL_HAVE_LL_TYPE -DNTL_STD_CXX17 -DNTL_THREADS -DWIN32_LEAN_AND_MEAN -D_CRT_SECURE_NO_WARNINGS -Dkctsb_shared_EXPORTS -ID:/pyproject/kctsb/include -isystem D:/pyproject/kctsb/thirdparty/win-x64/include -isystem D:/pyproject/kctsb/thirdparty/include -O3 -DNDEBUG -std=c++17 -O3 -march=native -mtune=native -funroll-loops -fomit-frame-pointer -fPIC -fstack-protector-strong -flto -maes -mpclmul -msse4.1 -msse4.2 -mssse3 -mavx2 -mbmi2 -msha -Wall -Wextra -Wpedantic -Werror=return-type -Werror=uninitialized -Wno-unused-parameter -Wno-sign-conversion -Wno-conversion -finput-charset=UTF-8 -fexec-charset=UTF-8 -Wno-old-style-cast -Wno-deprecated-copy -Wno-useless-cast -Wno-double-promotion -Wno-unused-variable -Wno-unused-but-set-variable -Wno-unused-function -Wno-misleading-indentation -MD -MT CMakeFiles/kctsb_shared.dir/src/advanced/fe/bgv/bgv_encoder.cpp.obj -MF CMakeFiles\kctsb_shared.dir\src\advanced\fe\bgv\bgv_encoder.cpp.obj.d -o CMakeFiles/kctsb_shared.dir/src/advanced/fe/bgv/bgv_encoder.cpp.obj -c D:/pyproject/kctsb/src/advanced/fe/bgv/bgv_encoder.cpp
In file included from D:/pyproject/kctsb/include/kctsb/advanced/fe/bgv/bgv_encoder.hpp:17,
                 from D:/pyproject/kctsb/src/advanced/fe/bgv/bgv_encoder.cpp:12:
D:/pyproject/kctsb/include/kctsb/advanced/fe/bgv/bgv_types.hpp:42:7: error: 'NTL' has not been declared
   42 | using NTL::ZZ;
      |       ^~~
D:/pyproject/kctsb/include/kctsb/advanced/fe/bgv/bgv_types.hpp:43:7: error: 'NTL' has not been declared
   43 | using NTL::ZZ_p;
      |       ^~~
D:/pyproject/kctsb/include/kctsb/advanced/fe/bgv/bgv_types.hpp:44:7: error: 'NTL' has not been declared
   44 | using NTL::ZZ_pX;
      |       ^~~
D:/pyproject/kctsb/include/kctsb/advanced/fe/bgv/bgv_types.hpp:45:7: error: 'NTL' has not been declared
   45 | using NTL::ZZ_pE;
      |       ^~~
D:/pyproject/kctsb/include/kctsb/advanced/fe/bgv/bgv_types.hpp:46:7: error: 'NTL' has not been declared
   46 | using NTL::ZZ_pEX;
      |       ^~~
D:/pyproject/kctsb/include/kctsb/advanced/fe/bgv/bgv_types.hpp:47:7: error: 'NTL' has not been declared
   47 | using NTL::vec_ZZ;
      |       ^~~
D:/pyproject/kctsb/include/kctsb/advanced/fe/bgv/bgv_types.hpp:48:7: error: 'NTL' has not been declared
   48 | using NTL::vec_ZZ_p;
      |       ^~~
D:/pyproject/kctsb/include/kctsb/advanced/fe/bgv/bgv_types.hpp:49:7: error: 'NTL' has not been declared
   49 | using NTL::vec_ZZ_pE;
      |       ^~~
D:/pyproject/kctsb/include/kctsb/advanced/fe/bgv/bgv_types.hpp:50:7: error: 'NTL' has not been declared
   50 | using NTL::mat_ZZ;
      |       ^~~
D:/pyproject/kctsb/src/advanced/fe/bgv/bgv_encoder.cpp: In constructor 'kctsb::fhe::bgv::BGVPlaintext::BGVPlaintext(uint64_t)':
D:/pyproject/kctsb/src/advanced/fe/bgv/bgv_encoder.cpp:30:5: error: 'NTL' has not been declared
   30 |     NTL::SetCoeff(data_.poly(), 0, conv<ZZ_p>(value));
      |     ^~~
D:/pyproject/kctsb/src/advanced/fe/bgv/bgv_encoder.cpp: In constructor 'kctsb::fhe::bgv::BGVPlaintext::BGVPlaintext(const std::vector<long long int>&)':
D:/pyproject/kctsb/src/advanced/fe/bgv/bgv_encoder.cpp:41:9: error: 'NTL' has not been declared
   41 |         NTL::SetCoeff(data_.poly(), i, conv<ZZ_p>(val));
      |         ^~~
D:/pyproject/kctsb/src/advanced/fe/bgv/bgv_encoder.cpp: In constructor 'kctsb::fhe::bgv::BGVEncoder::BGVEncoder(const kctsb::fhe::bgv::BGVContext&)':
D:/pyproject/kctsb/src/advanced/fe/bgv/bgv_encoder.cpp:69:10: error: invalid use of incomplete type 'const class kctsb::fhe::bgv::BGVContext'
   69 |     , t_(context.plaintext_modulus())
      |          ^~~~~~~
D:/pyproject/kctsb/include/kctsb/advanced/fe/bgv/bgv_types.hpp:53:7: note: forward declaration of 'class kctsb::fhe::bgv::BGVContext'
   53 | class BGVContext;
      |       ^~~~~~~~~~
D:/pyproject/kctsb/src/advanced/fe/bgv/bgv_encoder.cpp:70:19: error: invalid use of incomplete type 'const class kctsb::fhe::bgv::BGVContext'
   70 |     , slot_count_(context.slot_count()) {
      |                   ^~~~~~~
D:/pyproject/kctsb/include/kctsb/advanced/fe/bgv/bgv_types.hpp:53:7: note: forward declaration of 'class kctsb::fhe::bgv::BGVContext'
   53 | class BGVContext;
      |       ^~~~~~~~~~
D:/pyproject/kctsb/src/advanced/fe/bgv/bgv_encoder.cpp: In member function 'void kctsb::fhe::bgv::BGVEncoder::initialize_batch_encoder()':
D:/pyproject/kctsb/src/advanced/fe/bgv/bgv_encoder.cpp:85:18: error: invalid use of incomplete type 'const class kctsb::fhe::bgv::BGVContext'
   85 |     uint64_t m = context_.params().m;
      |                  ^~~~~~~~
D:/pyproject/kctsb/include/kctsb/advanced/fe/bgv/bgv_types.hpp:53:7: note: forward declaration of 'class kctsb::fhe::bgv::BGVContext'
   53 | class BGVContext;
      |       ^~~~~~~~~~
D:/pyproject/kctsb/src/advanced/fe/bgv/bgv_encoder.cpp:86:18: error: invalid use of incomplete type 'const class kctsb::fhe::bgv::BGVContext'
   86 |     uint64_t n = context_.params().n;
      |                  ^~~~~~~~
D:/pyproject/kctsb/include/kctsb/advanced/fe/bgv/bgv_types.hpp:53:7: note: forward declaration of 'class kctsb::fhe::bgv::BGVContext'
   53 | class BGVContext;
      |       ^~~~~~~~~~
D:/pyproject/kctsb/src/advanced/fe/bgv/bgv_encoder.cpp: In member function 'kctsb::fhe::bgv::BGVPlaintext kctsb::fhe::bgv::BGVEncoder::encode(int64_t) const':
D:/pyproject/kctsb/src/advanced/fe/bgv/bgv_encoder.cpp:119:5: error: 'NTL' has not been declared
  119 |     NTL::SetCoeff(pt.data().poly(), 0, conv<ZZ_p>(reduced));
      |     ^~~
D:/pyproject/kctsb/src/advanced/fe/bgv/bgv_encoder.cpp: In member function 'kctsb::fhe::bgv::BGVPlaintext kctsb::fhe::bgv::BGVEncoder::encode(const kctsb::ZZ&) const':
D:/pyproject/kctsb/src/advanced/fe/bgv/bgv_encoder.cpp:135:5: error: 'NTL' has not been declared
  135 |     NTL::SetCoeff(pt.data().poly(), 0, conv<ZZ_p>(reduced));
      |     ^~~
D:/pyproject/kctsb/src/advanced/fe/bgv/bgv_encoder.cpp: In member function 'kctsb::fhe::bgv::BGVPlaintext kctsb::fhe::bgv::BGVEncoder::encode_batch(const std::vector<long long int>&) const':
D:/pyproject/kctsb/src/advanced/fe/bgv/bgv_encoder.cpp:186:9: error: 'NTL' has not been declared
  186 |         NTL::SetCoeff(pt.data().poly(), slot_mapping_[i], conv<ZZ_p>(val));
      |         ^~~
D:/pyproject/kctsb/src/advanced/fe/bgv/bgv_encoder.cpp: In member function 'std::vector<long long unsigned int> kctsb::fhe::bgv::BGVEncoder::decode_batch_unsigned(const kctsb::fhe::bgv::BGVPlaintext&) const':
D:/pyproject/kctsb/src/advanced/fe/bgv/bgv_encoder.cpp:255:35: error: invalid initialization of reference of type 'const kctsb::ZZ&' from expression of type 'long int'
  255 |         result[i] = to_ulong(coef % t_);
      |                              ~~~~~^~~~
In file included from D:/pyproject/kctsb/include/kctsb/advanced/fe/bgv/bgv_types.hpp:28:
D:/pyproject/kctsb/include/kctsb/math/bignum/ZZ.h:268:41: note: in passing argument 1 of 'long unsigned int kctsb::to_ulong(const ZZ&)'
  268 | inline unsigned long to_ulong(const ZZ& a)  { return _kctsb_gtouint(a.rep); }
      |                               ~~~~~~~~~~^
D:/pyproject/kctsb/src/advanced/fe/bgv/bgv_encoder.cpp: In member function 'kctsb::fhe::bgv::BGVPlaintext kctsb::fhe::bgv::BGVEncoder::encode_poly(const std::vector<long long int>&) const':
D:/pyproject/kctsb/src/advanced/fe/bgv/bgv_encoder.cpp:293:9: error: 'NTL' has not been declared
  293 |         NTL::SetCoeff(pt.data().poly(), i, conv<ZZ_p>(val));
      |         ^~~
D:/pyproject/kctsb/src/advanced/fe/bgv/bgv_encoder.cpp: In constructor 'kctsb::fhe::bgv::BGVCoeffEncoder::BGVCoeffEncoder(const kctsb::fhe::bgv::BGVContext&)':
D:/pyproject/kctsb/src/advanced/fe/bgv/bgv_encoder.cpp:324:10: error: invalid use of incomplete type 'const class kctsb::fhe::bgv::BGVContext'
  324 |     , t_(context.plaintext_modulus())
      |          ^~~~~~~
D:/pyproject/kctsb/include/kctsb/advanced/fe/bgv/bgv_types.hpp:53:7: note: forward declaration of 'class kctsb::fhe::bgv::BGVContext'
   53 | class BGVContext;
      |       ^~~~~~~~~~
D:/pyproject/kctsb/src/advanced/fe/bgv/bgv_encoder.cpp:325:10: error: invalid use of incomplete type 'const class kctsb::fhe::bgv::BGVContext'
  325 |     , n_(context.ring_degree()) {
      |          ^~~~~~~
D:/pyproject/kctsb/include/kctsb/advanced/fe/bgv/bgv_types.hpp:53:7: note: forward declaration of 'class kctsb::fhe::bgv::BGVContext'
   53 | class BGVContext;
      |       ^~~~~~~~~~
D:/pyproject/kctsb/src/advanced/fe/bgv/bgv_encoder.cpp: In member function 'kctsb::fhe::bgv::BGVPlaintext kctsb::fhe::bgv::BGVCoeffEncoder::encode(int64_t) const':
D:/pyproject/kctsb/src/advanced/fe/bgv/bgv_encoder.cpp:339:5: error: 'NTL' has not been declared
  339 |     NTL::SetCoeff(pt.data().poly(), 0, conv<ZZ_p>(reduced));
      |     ^~~
D:/pyproject/kctsb/src/advanced/fe/bgv/bgv_encoder.cpp: In member function 'kctsb::fhe::bgv::BGVPlaintext kctsb::fhe::bgv::BGVCoeffEncoder::encode(const std::vector<long long int>&) const':
D:/pyproject/kctsb/src/advanced/fe/bgv/bgv_encoder.cpp:357:9: error: 'NTL' has not been declared
  357 |         NTL::SetCoeff(pt.data().poly(), i, conv<ZZ_p>(val));
      |         ^~~
In file included from D:/pyproject/kctsb/include/kctsb/math/bignum/ZZ.h:19:
D:/pyproject/kctsb/include/kctsb/math/bignum/tools.h: In instantiation of 'T kctsb::conv(const S&) [with T = ZZ; S = long long unsigned int]':
D:/pyproject/kctsb/src/advanced/fe/bgv/bgv_encoder.cpp:111:24:   required from here
  111 |     ZZ_p::init(conv<ZZ>(t_));
      |                ~~~~~~~~^~~~
D:/pyproject/kctsb/include/kctsb/math/bignum/tools.h:1226:8: error: call of overloaded 'conv(kctsb::ZZ&, const long long unsigned int&)' is ambiguous
 1226 |    conv(x, a);
      |    ~~~~^~~~~~
D:/pyproject/kctsb/include/kctsb/math/bignum/tools.h:1226:8: note: there are 95 candidates
D:/pyproject/kctsb/include/kctsb/math/bignum/ZZ.h:252:13: note: candidate 1: 'void kctsb::conv(ZZ&, float)'
  252 | inline void conv(ZZ& x, float a) { _kctsb_gdoubtoz(double(a), &x.rep); }
      |             ^~~~
D:/pyproject/kctsb/include/kctsb/math/bignum/ZZ.h:248:13: note: candidate 2: 'void kctsb::conv(ZZ&, double)'
  248 | inline void conv(ZZ& x, double a) { _kctsb_gdoubtoz(a, &x.rep); }
      |             ^~~~
D:/pyproject/kctsb/include/kctsb/math/bignum/ZZ.h:242:13: note: candidate 3: 'void kctsb::conv(ZZ&, unsigned int)'
  242 | inline void conv(ZZ& x, unsigned int a) { _kctsb_guintoz((unsigned long)(a), &x.rep); }
      |             ^~~~
D:/pyproject/kctsb/include/kctsb/math/bignum/ZZ.h:239:13: note: candidate 4: 'void kctsb::conv(ZZ&, long unsigned int)'
  239 | inline void conv(ZZ& x, unsigned long a) { _kctsb_guintoz(a, &x.rep); }
      |             ^~~~
D:/pyproject/kctsb/include/kctsb/math/bignum/ZZ.h:236:13: note: candidate 5: 'void kctsb::conv(ZZ&, int)'
  236 | inline void conv(ZZ& x, int a) { _kctsb_gintoz(long(a), &x.rep); }
      |             ^~~~
D:/pyproject/kctsb/include/kctsb/math/bignum/ZZ.h:233:13: note: candidate 6: 'void kctsb::conv(ZZ&, long int)'
  233 | inline void conv(ZZ& x, long a) { _kctsb_gintoz(a, &x.rep); }
      |             ^~~~
[175/251] Building CXX object CMakeFiles/kctsb_static.dir/src/advanced/fe/bgv/bgv_context.cpp.obj
FAILED: [code=1] CMakeFiles/kctsb_static.dir/src/advanced/fe/bgv/bgv_context.cpp.obj 
C:\msys64\mingw64\bin\g++.exe -DKCTSB_BENCHMARK_HAS_OPENSSL -DKCTSB_BUILDING -DKCTSB_EXCEPTIONS -DKCTSB_GF2X_LIB -DKCTSB_GMP_LIP -DKCTSB_HAS_BIGNUM_MODULES -DKCTSB_HAS_GF2X -DKCTSB_HAS_GMP -DKCTSB_HAS_GMPXX -DKCTSB_HAVE_ALIGNED_ARRAY -DKCTSB_HAVE_BUILTIN_CLZL -DKCTSB_HAVE_CHRONO_TIME -DKCTSB_HAVE_LL_TYPE -DKCTSB_PLATFORM_WINDOWS -DKCTSB_STD_CXX17 -DKCTSB_THREADS -DNOMINMAX -DNTL_EXCEPTIONS -DNTL_GF2X_LIB -DNTL_GMP_LIP -DNTL_HAVE_ALIGNED_ARRAY -DNTL_HAVE_BUILTIN_CLZL -DNTL_HAVE_CHRONO_TIME -DNTL_HAVE_COPY_TRAITS1 -DNTL_HAVE_COPY_TRAITS2 -DNTL_HAVE_LL_TYPE -DNTL_STD_CXX17 -DNTL_THREADS -DWIN32_LEAN_AND_MEAN -D_CRT_SECURE_NO_WARNINGS -ID:/pyproject/kctsb/include -isystem D:/pyproject/kctsb/thirdparty/win-x64/include -isystem D:/pyproject/kctsb/thirdparty/include -O3 -DNDEBUG -std=c++17 -O3 -march=native -mtune=native -funroll-loops -fomit-frame-pointer -fPIC -fstack-protector-strong -flto -maes -mpclmul -msse4.1 -msse4.2 -mssse3 -mavx2 -mbmi2 -msha -Wall -Wextra -Wpedantic -Werror=return-type -Werror=uninitialized -Wno-unused-parameter -Wno-sign-conversion -Wno-conversion -finput-charset=UTF-8 -fexec-charset=UTF-8 -Wno-old-style-cast -Wno-deprecated-copy -Wno-useless-cast -Wno-double-promotion -Wno-unused-variable -Wno-unused-but-set-variable -Wno-unused-function -Wno-misleading-indentation -MD -MT CMakeFiles/kctsb_static.dir/src/advanced/fe/bgv/bgv_context.cpp.obj -MF CMakeFiles\kctsb_static.dir\src\advanced\fe\bgv\bgv_context.cpp.obj.d -o CMakeFiles/kctsb_static.dir/src/advanced/fe/bgv/bgv_context.cpp.obj -c D:/pyproject/kctsb/src/advanced/fe/bgv/bgv_context.cpp
In file included from D:/pyproject/kctsb/include/kctsb/advanced/fe/bgv/bgv_context.hpp:17,
                 from D:/pyproject/kctsb/src/advanced/fe/bgv/bgv_context.cpp:12:
D:/pyproject/kctsb/include/kctsb/advanced/fe/bgv/bgv_types.hpp:42:7: error: 'NTL' has not been declared
   42 | using NTL::ZZ;
      |       ^~~
D:/pyproject/kctsb/include/kctsb/advanced/fe/bgv/bgv_types.hpp:43:7: error: 'NTL' has not been declared
   43 | using NTL::ZZ_p;
      |       ^~~
D:/pyproject/kctsb/include/kctsb/advanced/fe/bgv/bgv_types.hpp:44:7: error: 'NTL' has not been declared
   44 | using NTL::ZZ_pX;
      |       ^~~
D:/pyproject/kctsb/include/kctsb/advanced/fe/bgv/bgv_types.hpp:45:7: error: 'NTL' has not been declared
   45 | using NTL::ZZ_pE;
      |       ^~~
D:/pyproject/kctsb/include/kctsb/advanced/fe/bgv/bgv_types.hpp:46:7: error: 'NTL' has not been declared
   46 | using NTL::ZZ_pEX;
      |       ^~~
D:/pyproject/kctsb/include/kctsb/advanced/fe/bgv/bgv_types.hpp:47:7: error: 'NTL' has not been declared
   47 | using NTL::vec_ZZ;
      |       ^~~
D:/pyproject/kctsb/include/kctsb/advanced/fe/bgv/bgv_types.hpp:48:7: error: 'NTL' has not been declared
   48 | using NTL::vec_ZZ_p;
      |       ^~~
D:/pyproject/kctsb/include/kctsb/advanced/fe/bgv/bgv_types.hpp:49:7: error: 'NTL' has not been declared
   49 | using NTL::vec_ZZ_pE;
      |       ^~~
D:/pyproject/kctsb/include/kctsb/advanced/fe/bgv/bgv_types.hpp:50:7: error: 'NTL' has not been declared
   50 | using NTL::mat_ZZ;
      |       ^~~
D:/pyproject/kctsb/include/kctsb/advanced/fe/bgv/bgv_context.hpp:130:10: error: 'map' in namespace 'std' does not name a template type
  130 |     std::map<uint64_t, std::vector<std::pair<RingElement, RingElement>>> keys_;
      |          ^~~
D:/pyproject/kctsb/include/kctsb/advanced/fe/bgv/bgv_context.hpp:20:1: note: 'std::map' is defined in header '<map>'; this is probably fixable by adding '#include <map>'
   19 | #include <functional>
  +++ |+#include <map>
   20 | 
D:/pyproject/kctsb/src/advanced/fe/bgv/bgv_context.cpp: In member function 'double kctsb::fhe::bgv::BGVParams::initial_noise_budget() const':
D:/pyproject/kctsb/src/advanced/fe/bgv/bgv_context.cpp:49:20: error: 'NTL' has not been declared
   49 |     double log_q = NTL::log(q) / std::log(2.0);
      |                    ^~~
D:/pyproject/kctsb/src/advanced/fe/bgv/bgv_context.cpp: In static member function 'static kctsb::fhe::bgv::BGVParams kctsb::fhe::bgv::BGVParams::create_standard(kctsb::fhe::bgv::SecurityLevel, uint32_t, uint64_t)':
D:/pyproject/kctsb/src/advanced/fe/bgv/bgv_context.cpp:143:17: error: 'NTL' has not been declared
  143 |         while (!NTL::ProbPrime(conv<ZZ>(candidate))) {
      |                 ^~~
D:/pyproject/kctsb/src/advanced/fe/bgv/bgv_context.cpp: In member function 'kctsb::ZZ_p kctsb::fhe::bgv::RingElement::coeff(long int) const':
D:/pyproject/kctsb/src/advanced/fe/bgv/bgv_context.cpp:202:22: error: 'NTL' has not been declared
  202 |     if (i < 0 || i > NTL::deg(poly_)) {
      |                      ^~~
D:/pyproject/kctsb/src/advanced/fe/bgv/bgv_context.cpp:205:12: error: 'NTL' has not been declared
  205 |     return NTL::coeff(poly_, i);
      |            ^~~
D:/pyproject/kctsb/src/advanced/fe/bgv/bgv_context.cpp: In member function 'void kctsb::fhe::bgv::RingElement::set_coeff(long int, const kctsb::ZZ_p&)':
D:/pyproject/kctsb/src/advanced/fe/bgv/bgv_context.cpp:209:5: error: 'NTL' has not been declared
  209 |     NTL::SetCoeff(poly_, i, val);
      |     ^~~
D:/pyproject/kctsb/src/advanced/fe/bgv/bgv_context.cpp: In member function 'long int kctsb::fhe::bgv::RingElement::degree() const':
D:/pyproject/kctsb/src/advanced/fe/bgv/bgv_context.cpp:213:12: error: 'NTL' has not been declared
  213 |     return NTL::deg(poly_);
      |            ^~~
D:/pyproject/kctsb/src/advanced/fe/bgv/bgv_context.cpp: In member function 'bool kctsb::fhe::bgv::RingElement::is_zero() const':
D:/pyproject/kctsb/src/advanced/fe/bgv/bgv_context.cpp:273:12: error: 'NTL' has not been declared
  273 |     return NTL::IsZero(poly_);
      |            ^~~
D:/pyproject/kctsb/src/advanced/fe/bgv/bgv_context.cpp: In member function 'void kctsb::fhe::bgv::RingElement::clear()':
D:/pyproject/kctsb/src/advanced/fe/bgv/bgv_context.cpp:277:5: error: 'NTL' has not been declared
  277 |     NTL::clear(poly_);
      |     ^~~
D:/pyproject/kctsb/src/advanced/fe/bgv/bgv_context.cpp: In member function 'kctsb::fhe::bgv::RingElement kctsb::fhe::bgv::RingElement::reduce_mod(const kctsb::ZZ&) const':
D:/pyproject/kctsb/src/advanced/fe/bgv/bgv_context.cpp:289:9: error: 'NTL' has not been declared
  289 |         NTL::SetCoeff(result.poly_, i, conv<ZZ_p>(coef));
      |         ^~~
D:/pyproject/kctsb/src/advanced/fe/bgv/bgv_context.cpp: In member function 'kctsb::ZZ_pX kctsb::fhe::bgv::BGVContext::compute_cyclotomic(uint64_t)':
D:/pyproject/kctsb/src/advanced/fe/bgv/bgv_context.cpp:469:9: error: 'NTL' has not been declared
  469 |         NTL::SetCoeff(phi, 0, conv<ZZ_p>(1));
      |         ^~~
D:/pyproject/kctsb/src/advanced/fe/bgv/bgv_context.cpp:470:9: error: 'NTL' has not been declared
  470 |         NTL::SetCoeff(phi, m / 2, conv<ZZ_p>(1));
      |         ^~~
D:/pyproject/kctsb/src/advanced/fe/bgv/bgv_context.cpp:475:9: error: 'NTL' has not been declared
  475 |     if (NTL::ProbPrime(conv<ZZ>(m))) {
      |         ^~~
D:/pyproject/kctsb/src/advanced/fe/bgv/bgv_context.cpp:478:13: error: 'NTL' has not been declared
  478 |             NTL::SetCoeff(phi, i, conv<ZZ_p>(1));
      |             ^~~
D:/pyproject/kctsb/src/advanced/fe/bgv/bgv_context.cpp:486:5: error: 'NTL' has not been declared
  486 |     NTL::SetCoeff(phi, 0, conv<ZZ_p>(1));
      |     ^~~
D:/pyproject/kctsb/src/advanced/fe/bgv/bgv_context.cpp:487:5: error: 'NTL' has not been declared
  487 |     NTL::SetCoeff(phi, params_.n, conv<ZZ_p>(1));
      |     ^~~
D:/pyproject/kctsb/src/advanced/fe/bgv/bgv_context.cpp: In member function 'kctsb::fhe::bgv::BGVPublicKey kctsb::fhe::bgv::BGVContext::generate_public_key(const kctsb::fhe::bgv::BGVSecretKey&)':
D:/pyproject/kctsb/src/advanced/fe/bgv/bgv_context.cpp:524:5: error: 'NTL' has not been declared
  524 |     NTL::rem(as_reduced, as.poly(), cyclotomic_);
      |     ^~~
D:/pyproject/kctsb/src/advanced/fe/bgv/bgv_context.cpp:531:5: error: 'NTL' has not been declared
  531 |     NTL::rem(pk.b_.poly(), pk.b_.poly(), cyclotomic_);
      |     ^~~
D:/pyproject/kctsb/src/advanced/fe/bgv/bgv_context.cpp: In member function 'kctsb::fhe::bgv::BGVRelinKey kctsb::fhe::bgv::BGVContext::generate_relin_key(const kctsb::fhe::bgv::BGVSecretKey&)':
D:/pyproject/kctsb/src/advanced/fe/bgv/bgv_context.cpp:543:15: error: 'NTL' has not been declared
  543 |     ZZ base = NTL::power(conv<ZZ>(2), 60);  // Digit base
      |               ^~~
D:/pyproject/kctsb/src/advanced/fe/bgv/bgv_context.cpp:546:5: error: 'NTL' has not been declared
  546 |     NTL::rem(s2.poly(), s2.poly(), cyclotomic_);
      |     ^~~
D:/pyproject/kctsb/src/advanced/fe/bgv/bgv_context.cpp:557:9: error: 'NTL' has not been declared
  557 |         NTL::rem(as.poly(), as.poly(), cyclotomic_);
      |         ^~~
D:/pyproject/kctsb/src/advanced/fe/bgv/bgv_context.cpp:562:33: error: 'NTL' has not been declared
  562 |         ZZ_p scale = conv<ZZ_p>(NTL::power(base, i));
      |                                 ^~~
D:/pyproject/kctsb/src/advanced/fe/bgv/bgv_context.cpp:567:9: error: 'NTL' has not been declared
  567 |         NTL::rem(b.poly(), b.poly(), cyclotomic_);
      |         ^~~
D:/pyproject/kctsb/src/advanced/fe/bgv/bgv_context.cpp: In member function 'kctsb::fhe::bgv::BGVGaloisKey kctsb::fhe::bgv::BGVContext::generate_galois_keys(const kctsb::fhe::bgv::BGVSecretKey&, const std::vector<int>&)':
D:/pyproject/kctsb/src/advanced/fe/bgv/bgv_context.cpp:621:26: error: 'NTL' has not been declared
  621 |         ZZ base_decomp = NTL::power(conv<ZZ>(2), 60);
      |                          ^~~
D:/pyproject/kctsb/src/advanced/fe/bgv/bgv_context.cpp:628:13: error: 'NTL' has not been declared
  628 |             NTL::rem(as.poly(), as.poly(), cyclotomic_);
      |             ^~~
D:/pyproject/kctsb/src/advanced/fe/bgv/bgv_context.cpp:632:37: error: 'NTL' has not been declared
  632 |             ZZ_p scale = conv<ZZ_p>(NTL::power(base_decomp, d));
      |                                     ^~~
D:/pyproject/kctsb/src/advanced/fe/bgv/bgv_context.cpp:637:13: error: 'NTL' has not been declared
  637 |             NTL::rem(b.poly(), b.poly(), cyclotomic_);
      |             ^~~
D:/pyproject/kctsb/src/advanced/fe/bgv/bgv_context.cpp:642:12: error: 'class kctsb::fhe::bgv::BGVGaloisKey' has no member named 'keys_'
  642 |         gk.keys_[galois_elt] = key;
      |            ^~~~~
D:/pyproject/kctsb/src/advanced/fe/bgv/bgv_context.cpp: In member function 'kctsb::fhe::bgv::BGVCiphertext kctsb::fhe::bgv::BGVContext::encrypt(const kctsb::fhe::bgv::BGVPublicKey&, const kctsb::fhe::bgv::BGVPlaintext&)':
D:/pyproject/kctsb/src/advanced/fe/bgv/bgv_context.cpp:666:5: error: 'NTL' has not been declared
  666 |     NTL::rem(bu.poly(), bu.poly(), cyclotomic_);
      |     ^~~
D:/pyproject/kctsb/src/advanced/fe/bgv/bgv_context.cpp:671:5: error: 'NTL' has not been declared
  671 |     NTL::rem(c0.poly(), c0.poly(), cyclotomic_);
      |     ^~~
D:/pyproject/kctsb/src/advanced/fe/bgv/bgv_context.cpp:676:5: error: 'NTL' has not been declared
  676 |     NTL::rem(au.poly(), au.poly(), cyclotomic_);
      |     ^~~
D:/pyproject/kctsb/src/advanced/fe/bgv/bgv_context.cpp:681:5: error: 'NTL' has not been declared
  681 |     NTL::rem(c1.poly(), c1.poly(), cyclotomic_);
      |     ^~~
D:/pyproject/kctsb/src/advanced/fe/bgv/bgv_context.cpp: In member function 'kctsb::fhe::bgv::BGVPlaintext kctsb::fhe::bgv::BGVContext::decrypt(const kctsb::fhe::bgv::BGVSecretKey&, const kctsb::fhe::bgv::BGVCiphertext&)':
D:/pyproject/kctsb/src/advanced/fe/bgv/bgv_context.cpp:704:9: error: 'NTL' has not been declared
  704 |         NTL::rem(term.poly(), term.poly(), cyclotomic_);
      |         ^~~
D:/pyproject/kctsb/src/advanced/fe/bgv/bgv_context.cpp:708:5: error: 'NTL' has not been declared
  708 |     NTL::rem(result.poly(), result.poly(), cyclotomic_);
      |     ^~~
D:/pyproject/kctsb/src/advanced/fe/bgv/bgv_context.cpp:731:9: error: 'NTL' has not been declared
  731 |         NTL::SetCoeff(pt.data().poly(), i, conv<ZZ_p>(coef));
      |         ^~~
D:/pyproject/kctsb/src/advanced/fe/bgv/bgv_context.cpp: In member function 'kctsb::fhe::bgv::BGVCiphertext kctsb::fhe::bgv::BGVContext::encrypt_symmetric(const kctsb::fhe::bgv::BGVSecretKey&, const kctsb::fhe::bgv::BGVPlaintext&)':
D:/pyproject/kctsb/src/advanced/fe/bgv/bgv_context.cpp:750:5: error: 'NTL' has not been declared
  750 |     NTL::rem(as.poly(), as.poly(), cyclotomic_);
      |     ^~~
D:/pyproject/kctsb/src/advanced/fe/bgv/bgv_context.cpp:755:5: error: 'NTL' has not been declared
  755 |     NTL::rem(c0.poly(), c0.poly(), cyclotomic_);
      |     ^~~
D:/pyproject/kctsb/src/advanced/fe/bgv/bgv_context.cpp: In member function 'double kctsb::fhe::bgv::BGVContext::noise_budget(const kctsb::fhe::bgv::BGVSecretKey&, const kctsb::fhe::bgv::BGVCiphertext&)':
D:/pyproject/kctsb/src/advanced/fe/bgv/bgv_context.cpp:785:9: error: 'NTL' has not been declared
  785 |         NTL::rem(term.poly(), term.poly(), cyclotomic_);
      |         ^~~
D:/pyproject/kctsb/src/advanced/fe/bgv/bgv_context.cpp:788:5: error: 'NTL' has not been declared
  788 |     NTL::rem(raw.poly(), raw.poly(), cyclotomic_);
      |     ^~~
D:/pyproject/kctsb/src/advanced/fe/bgv/bgv_context.cpp:806:20: error: 'NTL' has not been declared
  806 |     double log_q = NTL::log(params_.q) / std::log(2.0);
      |                    ^~~
D:/pyproject/kctsb/src/advanced/fe/bgv/bgv_context.cpp:807:24: error: 'NTL' has not been declared
  807 |     double log_noise = NTL::log(max_coef + 1) / std::log(2.0);
      |                        ^~~
D:/pyproject/kctsb/src/advanced/fe/bgv/bgv_context.cpp: In member function 'kctsb::fhe::bgv::RingElement kctsb::fhe::bgv::BGVContext::sample_uniform()':
D:/pyproject/kctsb/src/advanced/fe/bgv/bgv_context.cpp:827:9: error: 'NTL' has not been declared
  827 |         NTL::SetCoeff(result.poly(), i, conv<ZZ_p>(coef));
      |         ^~~
D:/pyproject/kctsb/src/advanced/fe/bgv/bgv_context.cpp: In member function 'kctsb::fhe::bgv::RingElement kctsb::fhe::bgv::BGVContext::sample_error()':
D:/pyproject/kctsb/src/advanced/fe/bgv/bgv_context.cpp:849:9: error: 'NTL' has not been declared
  849 |         NTL::SetCoeff(result.poly(), i, conv<ZZ_p>(coef));
      |         ^~~
D:/pyproject/kctsb/src/advanced/fe/bgv/bgv_context.cpp: In member function 'kctsb::fhe::bgv::RingElement kctsb::fhe::bgv::BGVContext::sample_ternary(uint32_t)':
D:/pyproject/kctsb/src/advanced/fe/bgv/bgv_context.cpp:868:13: error: 'NTL' has not been declared
  868 |             NTL::SetCoeff(result.poly(), i, conv<ZZ_p>(coef));
      |             ^~~
D:/pyproject/kctsb/src/advanced/fe/bgv/bgv_context.cpp:876:13: error: 'NTL' has not been declared
  876 |             NTL::SetCoeff(result.poly(), i, conv<ZZ_p>(0));
      |             ^~~
D:/pyproject/kctsb/src/advanced/fe/bgv/bgv_context.cpp:888:13: error: 'NTL' has not been declared
  888 |             NTL::SetCoeff(result.poly(), positions[i], conv<ZZ_p>(1));
      |             ^~~
D:/pyproject/kctsb/src/advanced/fe/bgv/bgv_context.cpp:894:13: error: 'NTL' has not been declared
  894 |             NTL::SetCoeff(result.poly(), positions[i], minus_one);
      |             ^~~
In file included from D:/pyproject/kctsb/include/kctsb/math/bignum/ZZ.h:19,
                 from D:/pyproject/kctsb/include/kctsb/advanced/fe/bgv/bgv_types.hpp:28:
D:/pyproject/kctsb/include/kctsb/math/bignum/tools.h: In instantiation of 'T kctsb::conv(const S&) [with T = ZZ; S = long long unsigned int]':
D:/pyproject/kctsb/src/advanced/fe/bgv/bgv_context.cpp:143:40:   required from here
  143 |         while (!NTL::ProbPrime(conv<ZZ>(candidate))) {
      |                                ~~~~~~~~^~~~~~~~~~~
D:/pyproject/kctsb/include/kctsb/math/bignum/tools.h:1226:8: error: call of overloaded 'conv(kctsb::ZZ&, const long long unsigned int&)' is ambiguous
 1226 |    conv(x, a);
      |    ~~~~^~~~~~
D:/pyproject/kctsb/include/kctsb/math/bignum/tools.h:1226:8: note: there are 95 candidates
D:/pyproject/kctsb/include/kctsb/math/bignum/ZZ.h:252:13: note: candidate 1: 'void kctsb::conv(ZZ&, float)'
  252 | inline void conv(ZZ& x, float a) { _kctsb_gdoubtoz(double(a), &x.rep); }
      |             ^~~~
D:/pyproject/kctsb/include/kctsb/math/bignum/ZZ.h:248:13: note: candidate 2: 'void kctsb::conv(ZZ&, double)'
  248 | inline void conv(ZZ& x, double a) { _kctsb_gdoubtoz(a, &x.rep); }
      |             ^~~~
D:/pyproject/kctsb/include/kctsb/math/bignum/ZZ.h:242:13: note: candidate 3: 'void kctsb::conv(ZZ&, unsigned int)'
  242 | inline void conv(ZZ& x, unsigned int a) { _kctsb_guintoz((unsigned long)(a), &x.rep); }
      |             ^~~~
D:/pyproject/kctsb/include/kctsb/math/bignum/ZZ.h:239:13: note: candidate 4: 'void kctsb::conv(ZZ&, long unsigned int)'
  239 | inline void conv(ZZ& x, unsigned long a) { _kctsb_guintoz(a, &x.rep); }
      |             ^~~~
D:/pyproject/kctsb/include/kctsb/math/bignum/ZZ.h:236:13: note: candidate 5: 'void kctsb::conv(ZZ&, int)'
  236 | inline void conv(ZZ& x, int a) { _kctsb_gintoz(long(a), &x.rep); }
      |             ^~~~
D:/pyproject/kctsb/include/kctsb/math/bignum/ZZ.h:233:13: note: candidate 6: 'void kctsb::conv(ZZ&, long int)'
  233 | inline void conv(ZZ& x, long a) { _kctsb_gintoz(a, &x.rep); }
      |             ^~~~
[176/251] Building CXX object CMakeFiles/kctsb_shared.dir/src/advanced/fe/bgv/bgv_evaluator.cpp.obj
FAILED: [code=1] CMakeFiles/kctsb_shared.dir/src/advanced/fe/bgv/bgv_evaluator.cpp.obj 
C:\msys64\mingw64\bin\g++.exe -DKCTSB_BENCHMARK_HAS_OPENSSL -DKCTSB_BUILDING -DKCTSB_EXCEPTIONS -DKCTSB_GF2X_LIB -DKCTSB_GMP_LIP -DKCTSB_HAS_BIGNUM_MODULES -DKCTSB_HAS_GF2X -DKCTSB_HAS_GMP -DKCTSB_HAS_GMPXX -DKCTSB_HAVE_ALIGNED_ARRAY -DKCTSB_HAVE_BUILTIN_CLZL -DKCTSB_HAVE_CHRONO_TIME -DKCTSB_HAVE_LL_TYPE -DKCTSB_PLATFORM_WINDOWS -DKCTSB_SHARED_LIBRARY -DKCTSB_STD_CXX17 -DKCTSB_THREADS -DNOMINMAX -DNTL_EXCEPTIONS -DNTL_GF2X_LIB -DNTL_GMP_LIP -DNTL_HAVE_ALIGNED_ARRAY -DNTL_HAVE_BUILTIN_CLZL -DNTL_HAVE_CHRONO_TIME -DNTL_HAVE_COPY_TRAITS1 -DNTL_HAVE_COPY_TRAITS2 -DNTL_HAVE_LL_TYPE -DNTL_STD_CXX17 -DNTL_THREADS -DWIN32_LEAN_AND_MEAN -D_CRT_SECURE_NO_WARNINGS -Dkctsb_shared_EXPORTS -ID:/pyproject/kctsb/include -isystem D:/pyproject/kctsb/thirdparty/win-x64/include -isystem D:/pyproject/kctsb/thirdparty/include -O3 -DNDEBUG -std=c++17 -O3 -march=native -mtune=native -funroll-loops -fomit-frame-pointer -fPIC -fstack-protector-strong -flto -maes -mpclmul -msse4.1 -msse4.2 -mssse3 -mavx2 -mbmi2 -msha -Wall -Wextra -Wpedantic -Werror=return-type -Werror=uninitialized -Wno-unused-parameter -Wno-sign-conversion -Wno-conversion -finput-charset=UTF-8 -fexec-charset=UTF-8 -Wno-old-style-cast -Wno-deprecated-copy -Wno-useless-cast -Wno-double-promotion -Wno-unused-variable -Wno-unused-but-set-variable -Wno-unused-function -Wno-misleading-indentation -MD -MT CMakeFiles/kctsb_shared.dir/src/advanced/fe/bgv/bgv_evaluator.cpp.obj -MF CMakeFiles\kctsb_shared.dir\src\advanced\fe\bgv\bgv_evaluator.cpp.obj.d -o CMakeFiles/kctsb_shared.dir/src/advanced/fe/bgv/bgv_evaluator.cpp.obj -c D:/pyproject/kctsb/src/advanced/fe/bgv/bgv_evaluator.cpp
In file included from D:/pyproject/kctsb/include/kctsb/advanced/fe/bgv/bgv_context.hpp:17,
                 from D:/pyproject/kctsb/include/kctsb/advanced/fe/bgv/bgv_evaluator.hpp:19,
                 from D:/pyproject/kctsb/src/advanced/fe/bgv/bgv_evaluator.cpp:12:
D:/pyproject/kctsb/include/kctsb/advanced/fe/bgv/bgv_types.hpp:42:7: error: 'NTL' has not been declared
   42 | using NTL::ZZ;
      |       ^~~
D:/pyproject/kctsb/include/kctsb/advanced/fe/bgv/bgv_types.hpp:43:7: error: 'NTL' has not been declared
   43 | using NTL::ZZ_p;
      |       ^~~
D:/pyproject/kctsb/include/kctsb/advanced/fe/bgv/bgv_types.hpp:44:7: error: 'NTL' has not been declared
   44 | using NTL::ZZ_pX;
      |       ^~~
D:/pyproject/kctsb/include/kctsb/advanced/fe/bgv/bgv_types.hpp:45:7: error: 'NTL' has not been declared
   45 | using NTL::ZZ_pE;
      |       ^~~
D:/pyproject/kctsb/include/kctsb/advanced/fe/bgv/bgv_types.hpp:46:7: error: 'NTL' has not been declared
   46 | using NTL::ZZ_pEX;
      |       ^~~
D:/pyproject/kctsb/include/kctsb/advanced/fe/bgv/bgv_types.hpp:47:7: error: 'NTL' has not been declared
   47 | using NTL::vec_ZZ;
      |       ^~~
D:/pyproject/kctsb/include/kctsb/advanced/fe/bgv/bgv_types.hpp:48:7: error: 'NTL' has not been declared
   48 | using NTL::vec_ZZ_p;
      |       ^~~
D:/pyproject/kctsb/include/kctsb/advanced/fe/bgv/bgv_types.hpp:49:7: error: 'NTL' has not been declared
   49 | using NTL::vec_ZZ_pE;
      |       ^~~
D:/pyproject/kctsb/include/kctsb/advanced/fe/bgv/bgv_types.hpp:50:7: error: 'NTL' has not been declared
   50 | using NTL::mat_ZZ;
      |       ^~~
D:/pyproject/kctsb/include/kctsb/advanced/fe/bgv/bgv_context.hpp:130:10: error: 'map' in namespace 'std' does not name a template type
  130 |     std::map<uint64_t, std::vector<std::pair<RingElement, RingElement>>> keys_;
      |          ^~~
D:/pyproject/kctsb/include/kctsb/advanced/fe/bgv/bgv_context.hpp:20:1: note: 'std::map' is defined in header '<map>'; this is probably fixable by adding '#include <map>'
   19 | #include <functional>
  +++ |+#include <map>
   20 | 
D:/pyproject/kctsb/src/advanced/fe/bgv/bgv_evaluator.cpp: In member function 'kctsb::fhe::bgv::BGVCiphertext kctsb::fhe::bgv::BGVEvaluator::add(const kctsb::fhe::bgv::BGVCiphertext&, const kctsb::fhe::bgv::BGVCiphertext&) const':
D:/pyproject/kctsb/src/advanced/fe/bgv/bgv_evaluator.cpp:53:9: error: 'NTL' has not been declared
   53 |         NTL::rem(sum.poly(), sum.poly(), context_.cyclotomic());
      |         ^~~
D:/pyproject/kctsb/src/advanced/fe/bgv/bgv_evaluator.cpp: In member function 'kctsb::fhe::bgv::BGVCiphertext kctsb::fhe::bgv::BGVEvaluator::add_plain(const kctsb::fhe::bgv::BGVCiphertext&, const kctsb::fhe::bgv::BGVPlaintext&) const':
D:/pyproject/kctsb/src/advanced/fe/bgv/bgv_evaluator.cpp:71:5: error: 'NTL' has not been declared
   71 |     NTL::rem(result[0].poly(), result[0].poly(), context_.cyclotomic());
      |     ^~~
D:/pyproject/kctsb/src/advanced/fe/bgv/bgv_evaluator.cpp: In member function 'void kctsb::fhe::bgv::BGVEvaluator::add_inplace(kctsb::fhe::bgv::BGVCiphertext&, const kctsb::fhe::bgv::BGVCiphertext&) const':
D:/pyproject/kctsb/src/advanced/fe/bgv/bgv_evaluator.cpp:89:9: error: 'NTL' has not been declared
   89 |         NTL::rem(ct1[i].poly(), ct1[i].poly(), context_.cyclotomic());
      |         ^~~
D:/pyproject/kctsb/src/advanced/fe/bgv/bgv_evaluator.cpp: In member function 'void kctsb::fhe::bgv::BGVEvaluator::add_plain_inplace(kctsb::fhe::bgv::BGVCiphertext&, const kctsb::fhe::bgv::BGVPlaintext&) const':
D:/pyproject/kctsb/src/advanced/fe/bgv/bgv_evaluator.cpp:98:5: error: 'NTL' has not been declared
   98 |     NTL::rem(ct[0].poly(), ct[0].poly(), context_.cyclotomic());
      |     ^~~
D:/pyproject/kctsb/src/advanced/fe/bgv/bgv_evaluator.cpp: In member function 'kctsb::fhe::bgv::BGVCiphertext kctsb::fhe::bgv::BGVEvaluator::sub(const kctsb::fhe::bgv::BGVCiphertext&, const kctsb::fhe::bgv::BGVCiphertext&) const':
D:/pyproject/kctsb/src/advanced/fe/bgv/bgv_evaluator.cpp:125:9: error: 'NTL' has not been declared
  125 |         NTL::rem(diff.poly(), diff.poly(), context_.cyclotomic());
      |         ^~~
D:/pyproject/kctsb/src/advanced/fe/bgv/bgv_evaluator.cpp: In member function 'kctsb::fhe::bgv::BGVCiphertext kctsb::fhe::bgv::BGVEvaluator::sub_plain(const kctsb::fhe::bgv::BGVCiphertext&, const kctsb::fhe::bgv::BGVPlaintext&) const':
D:/pyproject/kctsb/src/advanced/fe/bgv/bgv_evaluator.cpp:139:5: error: 'NTL' has not been declared
  139 |     NTL::rem(result[0].poly(), result[0].poly(), context_.cyclotomic());
      |     ^~~
D:/pyproject/kctsb/src/advanced/fe/bgv/bgv_evaluator.cpp: In member function 'void kctsb::fhe::bgv::BGVEvaluator::sub_inplace(kctsb::fhe::bgv::BGVCiphertext&, const kctsb::fhe::bgv::BGVCiphertext&) const':
D:/pyproject/kctsb/src/advanced/fe/bgv/bgv_evaluator.cpp:151:9: error: 'NTL' has not been declared
  151 |         NTL::rem(ct1[i].poly(), ct1[i].poly(), context_.cyclotomic());
      |         ^~~
D:/pyproject/kctsb/src/advanced/fe/bgv/bgv_evaluator.cpp: In member function 'void kctsb::fhe::bgv::BGVEvaluator::sub_plain_inplace(kctsb::fhe::bgv::BGVCiphertext&, const kctsb::fhe::bgv::BGVPlaintext&) const':
D:/pyproject/kctsb/src/advanced/fe/bgv/bgv_evaluator.cpp:158:5: error: 'NTL' has not been declared
  158 |     NTL::rem(ct[0].poly(), ct[0].poly(), context_.cyclotomic());
      |     ^~~
D:/pyproject/kctsb/src/advanced/fe/bgv/bgv_evaluator.cpp: In member function 'kctsb::fhe::bgv::BGVCiphertext kctsb::fhe::bgv::BGVEvaluator::multiply(const kctsb::fhe::bgv::BGVCiphertext&, const kctsb::fhe::bgv::BGVCiphertext&) const':
D:/pyproject/kctsb/src/advanced/fe/bgv/bgv_evaluator.cpp:204:13: error: 'NTL' has not been declared
  204 |             NTL::rem(product.poly(), product.poly(), context_.cyclotomic());
      |             ^~~
D:/pyproject/kctsb/src/advanced/fe/bgv/bgv_evaluator.cpp:206:13: error: 'NTL' has not been declared
  206 |             NTL::rem(result[i + j].poly(), result[i + j].poly(),
      |             ^~~
D:/pyproject/kctsb/src/advanced/fe/bgv/bgv_evaluator.cpp: In member function 'kctsb::fhe::bgv::BGVCiphertext kctsb::fhe::bgv::BGVEvaluator::multiply_plain(const kctsb::fhe::bgv::BGVCiphertext&, const kctsb::fhe::bgv::BGVPlaintext&) const':
D:/pyproject/kctsb/src/advanced/fe/bgv/bgv_evaluator.cpp:228:9: error: 'NTL' has not been declared
  228 |         NTL::rem(product.poly(), product.poly(), context_.cyclotomic());
      |         ^~~
D:/pyproject/kctsb/src/advanced/fe/bgv/bgv_evaluator.cpp: In member function 'void kctsb::fhe::bgv::BGVEvaluator::multiply_plain_inplace(kctsb::fhe::bgv::BGVCiphertext&, const kctsb::fhe::bgv::BGVPlaintext&) const':
D:/pyproject/kctsb/src/advanced/fe/bgv/bgv_evaluator.cpp:248:9: error: 'NTL' has not been declared
  248 |         NTL::rem(ct[i].poly(), ct[i].poly(), context_.cyclotomic());
      |         ^~~
D:/pyproject/kctsb/src/advanced/fe/bgv/bgv_evaluator.cpp: In member function 'void kctsb::fhe::bgv::BGVEvaluator::relinearize_inplace(kctsb::fhe::bgv::BGVCiphertext&, const kctsb::fhe::bgv::BGVRelinKey&) const':
D:/pyproject/kctsb/src/advanced/fe/bgv/bgv_evaluator.cpp:310:13: error: 'NTL' has not been declared
  310 |             NTL::rem(d_b.poly(), d_b.poly(), context_.cyclotomic());
      |             ^~~
D:/pyproject/kctsb/src/advanced/fe/bgv/bgv_evaluator.cpp:311:13: error: 'NTL' has not been declared
  311 |             NTL::rem(d_a.poly(), d_a.poly(), context_.cyclotomic());
      |             ^~~
D:/pyproject/kctsb/src/advanced/fe/bgv/bgv_evaluator.cpp:317:9: error: 'NTL' has not been declared
  317 |         NTL::rem(new_c0.poly(), new_c0.poly(), context_.cyclotomic());
      |         ^~~
D:/pyproject/kctsb/src/advanced/fe/bgv/bgv_evaluator.cpp:318:9: error: 'NTL' has not been declared
  318 |         NTL::rem(new_c1.poly(), new_c1.poly(), context_.cyclotomic());
      |         ^~~
D:/pyproject/kctsb/src/advanced/fe/bgv/bgv_evaluator.cpp:324:9: error: 'NTL' has not been declared
  324 |         NTL::rem(ct[0].poly(), ct[0].poly(), context_.cyclotomic());
      |         ^~~
D:/pyproject/kctsb/src/advanced/fe/bgv/bgv_evaluator.cpp:325:9: error: 'NTL' has not been declared
  325 |         NTL::rem(ct[1].poly(), ct[1].poly(), context_.cyclotomic());
      |         ^~~
D:/pyproject/kctsb/src/advanced/fe/bgv/bgv_evaluator.cpp: In member function 'std::vector<kctsb::fhe::bgv::RingElement> kctsb::fhe::bgv::BGVEvaluator::decompose(const kctsb::fhe::bgv::RingElement&) const':
D:/pyproject/kctsb/src/advanced/fe/bgv/bgv_evaluator.cpp:341:15: error: 'NTL' has not been declared
  341 |     ZZ base = NTL::power(conv<ZZ>(2), 60);
      |               ^~~
D:/pyproject/kctsb/src/advanced/fe/bgv/bgv_evaluator.cpp:351:13: error: 'NTL' has not been declared
  351 |             NTL::SetCoeff(digits[d].poly(), i, conv<ZZ_p>(digit));
      |             ^~~
D:/pyproject/kctsb/src/advanced/fe/bgv/bgv_evaluator.cpp: In member function 'kctsb::fhe::bgv::BGVCiphertext kctsb::fhe::bgv::BGVEvaluator::key_switch(const kctsb::fhe::bgv::BGVCiphertext&, const std::vector<std::pair<kctsb::fhe::bgv::RingElement, kctsb::fhe::bgv::RingElement> >&) const':
D:/pyproject/kctsb/src/advanced/fe/bgv/bgv_evaluator.cpp:450:9: error: 'NTL' has not been declared
  450 |         NTL::rem(d_b.poly(), d_b.poly(), context_.cyclotomic());
      |         ^~~
D:/pyproject/kctsb/src/advanced/fe/bgv/bgv_evaluator.cpp:451:9: error: 'NTL' has not been declared
  451 |         NTL::rem(d_a.poly(), d_a.poly(), context_.cyclotomic());
      |         ^~~
D:/pyproject/kctsb/src/advanced/fe/bgv/bgv_evaluator.cpp:457:5: error: 'NTL' has not been declared
  457 |     NTL::rem(new_c0.poly(), new_c0.poly(), context_.cyclotomic());
      |     ^~~
D:/pyproject/kctsb/src/advanced/fe/bgv/bgv_evaluator.cpp:458:5: error: 'NTL' has not been declared
  458 |     NTL::rem(new_c1.poly(), new_c1.poly(), context_.cyclotomic());
      |     ^~~
D:/pyproject/kctsb/src/advanced/fe/bgv/bgv_evaluator.cpp: In member function 'void kctsb::fhe::bgv::BGVEvaluator::mod_switch_to_inplace(kctsb::fhe::bgv::BGVCiphertext&, uint32_t) const':
D:/pyproject/kctsb/src/advanced/fe/bgv/bgv_evaluator.cpp:524:17: error: 'NTL' has not been declared
  524 |                 NTL::SetCoeff(scaled.poly(), j, conv<ZZ_p>(rounded));
      |                 ^~~
D:/pyproject/kctsb/src/advanced/fe/bgv/bgv_evaluator.cpp:535:44: error: call of overloaded 'to_double(const __gnu_cxx::__alloc_traits<std::allocator<long long unsigned int>, long long unsigned int>::value_type&)' is ambiguous
  535 |                         std::log2(to_double(context_.params().primes[0])));
      |                                   ~~~~~~~~~^~~~~~~~~~~~~~~~~~~~~~~~~~~~~
D:/pyproject/kctsb/src/advanced/fe/bgv/bgv_evaluator.cpp:535:44: note: there are 7 candidates
In file included from D:/pyproject/kctsb/include/kctsb/math/bignum/ZZ.h:19,
                 from D:/pyproject/kctsb/include/kctsb/advanced/fe/bgv/bgv_types.hpp:28:
D:/pyproject/kctsb/include/kctsb/math/bignum/tools.h:348:15: note: candidate 1: 'double kctsb::to_double(int)'
  348 | inline double to_double(int a) { return double(a); }
      |               ^~~~~~~~~
D:/pyproject/kctsb/include/kctsb/math/bignum/tools.h:349:15: note: candidate 2: 'double kctsb::to_double(long int)'
  349 | inline double to_double(long a) { return double(a); }
      |               ^~~~~~~~~
D:/pyproject/kctsb/include/kctsb/math/bignum/tools.h:350:15: note: candidate 3: 'double kctsb::to_double(unsigned int)'
  350 | inline double to_double(unsigned a) { return double(a); }
      |               ^~~~~~~~~
D:/pyproject/kctsb/include/kctsb/math/bignum/tools.h:351:15: note: candidate 4: 'double kctsb::to_double(long unsigned int)'
  351 | inline double to_double(unsigned long a) { return double(a); }
      |               ^~~~~~~~~
D:/pyproject/kctsb/include/kctsb/math/bignum/tools.h:352:15: note: candidate 5: 'double kctsb::to_double(float)'
  352 | inline double to_double(float a) { return double(a); }
      |               ^~~~~~~~~
D:/pyproject/kctsb/include/kctsb/math/bignum/tools.h:353:15: note: candidate 6: 'double kctsb::to_double(double)'
  353 | inline double to_double(double a) { return a; }
      |               ^~~~~~~~~
D:/pyproject/kctsb/src/advanced/fe/bgv/bgv_evaluator.cpp: In member function 'const std::vector<std::pair<kctsb::fhe::bgv::RingElement, kctsb::fhe::bgv::RingElement> >& kctsb::fhe::bgv::BGVGaloisKey::get_key(uint64_t) const':
D:/pyproject/kctsb/src/advanced/fe/bgv/bgv_evaluator.cpp:614:15: error: 'keys_' was not declared in this scope
  614 |     auto it = keys_.find(galois_elt);
      |               ^~~~~
D:/pyproject/kctsb/src/advanced/fe/bgv/bgv_evaluator.cpp: In member function 'bool kctsb::fhe::bgv::BGVGaloisKey::has_key(uint64_t) const':
D:/pyproject/kctsb/src/advanced/fe/bgv/bgv_evaluator.cpp:623:12: error: 'keys_' was not declared in this scope
  623 |     return keys_.find(galois_elt) != keys_.end();
      |            ^~~~~
[177/251] Building CXX object CMakeFiles/kctsb_shared.dir/src/advanced/fe/bgv/bgv_context.cpp.obj
FAILED: [code=1] CMakeFiles/kctsb_shared.dir/src/advanced/fe/bgv/bgv_context.cpp.obj 
C:\msys64\mingw64\bin\g++.exe -DKCTSB_BENCHMARK_HAS_OPENSSL -DKCTSB_BUILDING -DKCTSB_EXCEPTIONS -DKCTSB_GF2X_LIB -DKCTSB_GMP_LIP -DKCTSB_HAS_BIGNUM_MODULES -DKCTSB_HAS_GF2X -DKCTSB_HAS_GMP -DKCTSB_HAS_GMPXX -DKCTSB_HAVE_ALIGNED_ARRAY -DKCTSB_HAVE_BUILTIN_CLZL -DKCTSB_HAVE_CHRONO_TIME -DKCTSB_HAVE_LL_TYPE -DKCTSB_PLATFORM_WINDOWS -DKCTSB_SHARED_LIBRARY -DKCTSB_STD_CXX17 -DKCTSB_THREADS -DNOMINMAX -DNTL_EXCEPTIONS -DNTL_GF2X_LIB -DNTL_GMP_LIP -DNTL_HAVE_ALIGNED_ARRAY -DNTL_HAVE_BUILTIN_CLZL -DNTL_HAVE_CHRONO_TIME -DNTL_HAVE_COPY_TRAITS1 -DNTL_HAVE_COPY_TRAITS2 -DNTL_HAVE_LL_TYPE -DNTL_STD_CXX17 -DNTL_THREADS -DWIN32_LEAN_AND_MEAN -D_CRT_SECURE_NO_WARNINGS -Dkctsb_shared_EXPORTS -ID:/pyproject/kctsb/include -isystem D:/pyproject/kctsb/thirdparty/win-x64/include -isystem D:/pyproject/kctsb/thirdparty/include -O3 -DNDEBUG -std=c++17 -O3 -march=native -mtune=native -funroll-loops -fomit-frame-pointer -fPIC -fstack-protector-strong -flto -maes -mpclmul -msse4.1 -msse4.2 -mssse3 -mavx2 -mbmi2 -msha -Wall -Wextra -Wpedantic -Werror=return-type -Werror=uninitialized -Wno-unused-parameter -Wno-sign-conversion -Wno-conversion -finput-charset=UTF-8 -fexec-charset=UTF-8 -Wno-old-style-cast -Wno-deprecated-copy -Wno-useless-cast -Wno-double-promotion -Wno-unused-variable -Wno-unused-but-set-variable -Wno-unused-function -Wno-misleading-indentation -MD -MT CMakeFiles/kctsb_shared.dir/src/advanced/fe/bgv/bgv_context.cpp.obj -MF CMakeFiles\kctsb_shared.dir\src\advanced\fe\bgv\bgv_context.cpp.obj.d -o CMakeFiles/kctsb_shared.dir/src/advanced/fe/bgv/bgv_context.cpp.obj -c D:/pyproject/kctsb/src/advanced/fe/bgv/bgv_context.cpp
In file included from D:/pyproject/kctsb/include/kctsb/advanced/fe/bgv/bgv_context.hpp:17,
                 from D:/pyproject/kctsb/src/advanced/fe/bgv/bgv_context.cpp:12:
D:/pyproject/kctsb/include/kctsb/advanced/fe/bgv/bgv_types.hpp:42:7: error: 'NTL' has not been declared
   42 | using NTL::ZZ;
      |       ^~~
D:/pyproject/kctsb/include/kctsb/advanced/fe/bgv/bgv_types.hpp:43:7: error: 'NTL' has not been declared
   43 | using NTL::ZZ_p;
      |       ^~~
D:/pyproject/kctsb/include/kctsb/advanced/fe/bgv/bgv_types.hpp:44:7: error: 'NTL' has not been declared
   44 | using NTL::ZZ_pX;
      |       ^~~
D:/pyproject/kctsb/include/kctsb/advanced/fe/bgv/bgv_types.hpp:45:7: error: 'NTL' has not been declared
   45 | using NTL::ZZ_pE;
      |       ^~~
D:/pyproject/kctsb/include/kctsb/advanced/fe/bgv/bgv_types.hpp:46:7: error: 'NTL' has not been declared
   46 | using NTL::ZZ_pEX;
      |       ^~~
D:/pyproject/kctsb/include/kctsb/advanced/fe/bgv/bgv_types.hpp:47:7: error: 'NTL' has not been declared
   47 | using NTL::vec_ZZ;
      |       ^~~
D:/pyproject/kctsb/include/kctsb/advanced/fe/bgv/bgv_types.hpp:48:7: error: 'NTL' has not been declared
   48 | using NTL::vec_ZZ_p;
      |       ^~~
D:/pyproject/kctsb/include/kctsb/advanced/fe/bgv/bgv_types.hpp:49:7: error: 'NTL' has not been declared
   49 | using NTL::vec_ZZ_pE;
      |       ^~~
D:/pyproject/kctsb/include/kctsb/advanced/fe/bgv/bgv_types.hpp:50:7: error: 'NTL' has not been declared
   50 | using NTL::mat_ZZ;
      |       ^~~
D:/pyproject/kctsb/include/kctsb/advanced/fe/bgv/bgv_context.hpp:130:10: error: 'map' in namespace 'std' does not name a template type
  130 |     std::map<uint64_t, std::vector<std::pair<RingElement, RingElement>>> keys_;
      |          ^~~
D:/pyproject/kctsb/include/kctsb/advanced/fe/bgv/bgv_context.hpp:20:1: note: 'std::map' is defined in header '<map>'; this is probably fixable by adding '#include <map>'
   19 | #include <functional>
  +++ |+#include <map>
   20 | 
D:/pyproject/kctsb/src/advanced/fe/bgv/bgv_context.cpp: In member function 'double kctsb::fhe::bgv::BGVParams::initial_noise_budget() const':
D:/pyproject/kctsb/src/advanced/fe/bgv/bgv_context.cpp:49:20: error: 'NTL' has not been declared
   49 |     double log_q = NTL::log(q) / std::log(2.0);
      |                    ^~~
D:/pyproject/kctsb/src/advanced/fe/bgv/bgv_context.cpp: In static member function 'static kctsb::fhe::bgv::BGVParams kctsb::fhe::bgv::BGVParams::create_standard(kctsb::fhe::bgv::SecurityLevel, uint32_t, uint64_t)':
D:/pyproject/kctsb/src/advanced/fe/bgv/bgv_context.cpp:143:17: error: 'NTL' has not been declared
  143 |         while (!NTL::ProbPrime(conv<ZZ>(candidate))) {
      |                 ^~~
D:/pyproject/kctsb/src/advanced/fe/bgv/bgv_context.cpp: In member function 'kctsb::ZZ_p kctsb::fhe::bgv::RingElement::coeff(long int) const':
D:/pyproject/kctsb/src/advanced/fe/bgv/bgv_context.cpp:202:22: error: 'NTL' has not been declared
  202 |     if (i < 0 || i > NTL::deg(poly_)) {
      |                      ^~~
D:/pyproject/kctsb/src/advanced/fe/bgv/bgv_context.cpp:205:12: error: 'NTL' has not been declared
  205 |     return NTL::coeff(poly_, i);
      |            ^~~
D:/pyproject/kctsb/src/advanced/fe/bgv/bgv_context.cpp: In member function 'void kctsb::fhe::bgv::RingElement::set_coeff(long int, const kctsb::ZZ_p&)':
D:/pyproject/kctsb/src/advanced/fe/bgv/bgv_context.cpp:209:5: error: 'NTL' has not been declared
  209 |     NTL::SetCoeff(poly_, i, val);
      |     ^~~
D:/pyproject/kctsb/src/advanced/fe/bgv/bgv_context.cpp: In member function 'long int kctsb::fhe::bgv::RingElement::degree() const':
D:/pyproject/kctsb/src/advanced/fe/bgv/bgv_context.cpp:213:12: error: 'NTL' has not been declared
  213 |     return NTL::deg(poly_);
      |            ^~~
D:/pyproject/kctsb/src/advanced/fe/bgv/bgv_context.cpp: In member function 'bool kctsb::fhe::bgv::RingElement::is_zero() const':
D:/pyproject/kctsb/src/advanced/fe/bgv/bgv_context.cpp:273:12: error: 'NTL' has not been declared
  273 |     return NTL::IsZero(poly_);
      |            ^~~
D:/pyproject/kctsb/src/advanced/fe/bgv/bgv_context.cpp: In member function 'void kctsb::fhe::bgv::RingElement::clear()':
D:/pyproject/kctsb/src/advanced/fe/bgv/bgv_context.cpp:277:5: error: 'NTL' has not been declared
  277 |     NTL::clear(poly_);
      |     ^~~
D:/pyproject/kctsb/src/advanced/fe/bgv/bgv_context.cpp: In member function 'kctsb::fhe::bgv::RingElement kctsb::fhe::bgv::RingElement::reduce_mod(const kctsb::ZZ&) const':
D:/pyproject/kctsb/src/advanced/fe/bgv/bgv_context.cpp:289:9: error: 'NTL' has not been declared
  289 |         NTL::SetCoeff(result.poly_, i, conv<ZZ_p>(coef));
      |         ^~~
D:/pyproject/kctsb/src/advanced/fe/bgv/bgv_context.cpp: In member function 'kctsb::ZZ_pX kctsb::fhe::bgv::BGVContext::compute_cyclotomic(uint64_t)':
D:/pyproject/kctsb/src/advanced/fe/bgv/bgv_context.cpp:469:9: error: 'NTL' has not been declared
  469 |         NTL::SetCoeff(phi, 0, conv<ZZ_p>(1));
      |         ^~~
D:/pyproject/kctsb/src/advanced/fe/bgv/bgv_context.cpp:470:9: error: 'NTL' has not been declared
  470 |         NTL::SetCoeff(phi, m / 2, conv<ZZ_p>(1));
      |         ^~~
D:/pyproject/kctsb/src/advanced/fe/bgv/bgv_context.cpp:475:9: error: 'NTL' has not been declared
  475 |     if (NTL::ProbPrime(conv<ZZ>(m))) {
      |         ^~~
D:/pyproject/kctsb/src/advanced/fe/bgv/bgv_context.cpp:478:13: error: 'NTL' has not been declared
  478 |             NTL::SetCoeff(phi, i, conv<ZZ_p>(1));
      |             ^~~
D:/pyproject/kctsb/src/advanced/fe/bgv/bgv_context.cpp:486:5: error: 'NTL' has not been declared
  486 |     NTL::SetCoeff(phi, 0, conv<ZZ_p>(1));
      |     ^~~
D:/pyproject/kctsb/src/advanced/fe/bgv/bgv_context.cpp:487:5: error: 'NTL' has not been declared
  487 |     NTL::SetCoeff(phi, params_.n, conv<ZZ_p>(1));
      |     ^~~
D:/pyproject/kctsb/src/advanced/fe/bgv/bgv_context.cpp: In member function 'kctsb::fhe::bgv::BGVPublicKey kctsb::fhe::bgv::BGVContext::generate_public_key(const kctsb::fhe::bgv::BGVSecretKey&)':
D:/pyproject/kctsb/src/advanced/fe/bgv/bgv_context.cpp:524:5: error: 'NTL' has not been declared
  524 |     NTL::rem(as_reduced, as.poly(), cyclotomic_);
      |     ^~~
D:/pyproject/kctsb/src/advanced/fe/bgv/bgv_context.cpp:531:5: error: 'NTL' has not been declared
  531 |     NTL::rem(pk.b_.poly(), pk.b_.poly(), cyclotomic_);
      |     ^~~
D:/pyproject/kctsb/src/advanced/fe/bgv/bgv_context.cpp: In member function 'kctsb::fhe::bgv::BGVRelinKey kctsb::fhe::bgv::BGVContext::generate_relin_key(const kctsb::fhe::bgv::BGVSecretKey&)':
D:/pyproject/kctsb/src/advanced/fe/bgv/bgv_context.cpp:543:15: error: 'NTL' has not been declared
  543 |     ZZ base = NTL::power(conv<ZZ>(2), 60);  // Digit base
      |               ^~~
D:/pyproject/kctsb/src/advanced/fe/bgv/bgv_context.cpp:546:5: error: 'NTL' has not been declared
  546 |     NTL::rem(s2.poly(), s2.poly(), cyclotomic_);
      |     ^~~
D:/pyproject/kctsb/src/advanced/fe/bgv/bgv_context.cpp:557:9: error: 'NTL' has not been declared
  557 |         NTL::rem(as.poly(), as.poly(), cyclotomic_);
      |         ^~~
D:/pyproject/kctsb/src/advanced/fe/bgv/bgv_context.cpp:562:33: error: 'NTL' has not been declared
  562 |         ZZ_p scale = conv<ZZ_p>(NTL::power(base, i));
      |                                 ^~~
D:/pyproject/kctsb/src/advanced/fe/bgv/bgv_context.cpp:567:9: error: 'NTL' has not been declared
  567 |         NTL::rem(b.poly(), b.poly(), cyclotomic_);
      |         ^~~
D:/pyproject/kctsb/src/advanced/fe/bgv/bgv_context.cpp: In member function 'kctsb::fhe::bgv::BGVGaloisKey kctsb::fhe::bgv::BGVContext::generate_galois_keys(const kctsb::fhe::bgv::BGVSecretKey&, const std::vector<int>&)':
D:/pyproject/kctsb/src/advanced/fe/bgv/bgv_context.cpp:621:26: error: 'NTL' has not been declared
  621 |         ZZ base_decomp = NTL::power(conv<ZZ>(2), 60);
      |                          ^~~
D:/pyproject/kctsb/src/advanced/fe/bgv/bgv_context.cpp:628:13: error: 'NTL' has not been declared
  628 |             NTL::rem(as.poly(), as.poly(), cyclotomic_);
      |             ^~~
D:/pyproject/kctsb/src/advanced/fe/bgv/bgv_context.cpp:632:37: error: 'NTL' has not been declared
  632 |             ZZ_p scale = conv<ZZ_p>(NTL::power(base_decomp, d));
      |                                     ^~~
D:/pyproject/kctsb/src/advanced/fe/bgv/bgv_context.cpp:637:13: error: 'NTL' has not been declared
  637 |             NTL::rem(b.poly(), b.poly(), cyclotomic_);
      |             ^~~
D:/pyproject/kctsb/src/advanced/fe/bgv/bgv_context.cpp:642:12: error: 'class kctsb::fhe::bgv::BGVGaloisKey' has no member named 'keys_'
  642 |         gk.keys_[galois_elt] = key;
      |            ^~~~~
D:/pyproject/kctsb/src/advanced/fe/bgv/bgv_context.cpp: In member function 'kctsb::fhe::bgv::BGVCiphertext kctsb::fhe::bgv::BGVContext::encrypt(const kctsb::fhe::bgv::BGVPublicKey&, const kctsb::fhe::bgv::BGVPlaintext&)':
D:/pyproject/kctsb/src/advanced/fe/bgv/bgv_context.cpp:666:5: error: 'NTL' has not been declared
  666 |     NTL::rem(bu.poly(), bu.poly(), cyclotomic_);
      |     ^~~
D:/pyproject/kctsb/src/advanced/fe/bgv/bgv_context.cpp:671:5: error: 'NTL' has not been declared
  671 |     NTL::rem(c0.poly(), c0.poly(), cyclotomic_);
      |     ^~~
D:/pyproject/kctsb/src/advanced/fe/bgv/bgv_context.cpp:676:5: error: 'NTL' has not been declared
  676 |     NTL::rem(au.poly(), au.poly(), cyclotomic_);
      |     ^~~
D:/pyproject/kctsb/src/advanced/fe/bgv/bgv_context.cpp:681:5: error: 'NTL' has not been declared
  681 |     NTL::rem(c1.poly(), c1.poly(), cyclotomic_);
      |     ^~~
D:/pyproject/kctsb/src/advanced/fe/bgv/bgv_context.cpp: In member function 'kctsb::fhe::bgv::BGVPlaintext kctsb::fhe::bgv::BGVContext::decrypt(const kctsb::fhe::bgv::BGVSecretKey&, const kctsb::fhe::bgv::BGVCiphertext&)':
D:/pyproject/kctsb/src/advanced/fe/bgv/bgv_context.cpp:704:9: error: 'NTL' has not been declared
  704 |         NTL::rem(term.poly(), term.poly(), cyclotomic_);
      |         ^~~
D:/pyproject/kctsb/src/advanced/fe/bgv/bgv_context.cpp:708:5: error: 'NTL' has not been declared
  708 |     NTL::rem(result.poly(), result.poly(), cyclotomic_);
      |     ^~~
D:/pyproject/kctsb/src/advanced/fe/bgv/bgv_context.cpp:731:9: error: 'NTL' has not been declared
  731 |         NTL::SetCoeff(pt.data().poly(), i, conv<ZZ_p>(coef));
      |         ^~~
D:/pyproject/kctsb/src/advanced/fe/bgv/bgv_context.cpp: In member function 'kctsb::fhe::bgv::BGVCiphertext kctsb::fhe::bgv::BGVContext::encrypt_symmetric(const kctsb::fhe::bgv::BGVSecretKey&, const kctsb::fhe::bgv::BGVPlaintext&)':
D:/pyproject/kctsb/src/advanced/fe/bgv/bgv_context.cpp:750:5: error: 'NTL' has not been declared
  750 |     NTL::rem(as.poly(), as.poly(), cyclotomic_);
      |     ^~~
D:/pyproject/kctsb/src/advanced/fe/bgv/bgv_context.cpp:755:5: error: 'NTL' has not been declared
  755 |     NTL::rem(c0.poly(), c0.poly(), cyclotomic_);
      |     ^~~
D:/pyproject/kctsb/src/advanced/fe/bgv/bgv_context.cpp: In member function 'double kctsb::fhe::bgv::BGVContext::noise_budget(const kctsb::fhe::bgv::BGVSecretKey&, const kctsb::fhe::bgv::BGVCiphertext&)':
D:/pyproject/kctsb/src/advanced/fe/bgv/bgv_context.cpp:785:9: error: 'NTL' has not been declared
  785 |         NTL::rem(term.poly(), term.poly(), cyclotomic_);
      |         ^~~
D:/pyproject/kctsb/src/advanced/fe/bgv/bgv_context.cpp:788:5: error: 'NTL' has not been declared
  788 |     NTL::rem(raw.poly(), raw.poly(), cyclotomic_);
      |     ^~~
D:/pyproject/kctsb/src/advanced/fe/bgv/bgv_context.cpp:806:20: error: 'NTL' has not been declared
  806 |     double log_q = NTL::log(params_.q) / std::log(2.0);
      |                    ^~~
D:/pyproject/kctsb/src/advanced/fe/bgv/bgv_context.cpp:807:24: error: 'NTL' has not been declared
  807 |     double log_noise = NTL::log(max_coef + 1) / std::log(2.0);
      |                        ^~~
D:/pyproject/kctsb/src/advanced/fe/bgv/bgv_context.cpp: In member function 'kctsb::fhe::bgv::RingElement kctsb::fhe::bgv::BGVContext::sample_uniform()':
D:/pyproject/kctsb/src/advanced/fe/bgv/bgv_context.cpp:827:9: error: 'NTL' has not been declared
  827 |         NTL::SetCoeff(result.poly(), i, conv<ZZ_p>(coef));
      |         ^~~
D:/pyproject/kctsb/src/advanced/fe/bgv/bgv_context.cpp: In member function 'kctsb::fhe::bgv::RingElement kctsb::fhe::bgv::BGVContext::sample_error()':
D:/pyproject/kctsb/src/advanced/fe/bgv/bgv_context.cpp:849:9: error: 'NTL' has not been declared
  849 |         NTL::SetCoeff(result.poly(), i, conv<ZZ_p>(coef));
      |         ^~~
D:/pyproject/kctsb/src/advanced/fe/bgv/bgv_context.cpp: In member function 'kctsb::fhe::bgv::RingElement kctsb::fhe::bgv::BGVContext::sample_ternary(uint32_t)':
D:/pyproject/kctsb/src/advanced/fe/bgv/bgv_context.cpp:868:13: error: 'NTL' has not been declared
  868 |             NTL::SetCoeff(result.poly(), i, conv<ZZ_p>(coef));
      |             ^~~
D:/pyproject/kctsb/src/advanced/fe/bgv/bgv_context.cpp:876:13: error: 'NTL' has not been declared
  876 |             NTL::SetCoeff(result.poly(), i, conv<ZZ_p>(0));
      |             ^~~
D:/pyproject/kctsb/src/advanced/fe/bgv/bgv_context.cpp:888:13: error: 'NTL' has not been declared
  888 |             NTL::SetCoeff(result.poly(), positions[i], conv<ZZ_p>(1));
      |             ^~~
D:/pyproject/kctsb/src/advanced/fe/bgv/bgv_context.cpp:894:13: error: 'NTL' has not been declared
  894 |             NTL::SetCoeff(result.poly(), positions[i], minus_one);
      |             ^~~
In file included from D:/pyproject/kctsb/include/kctsb/math/bignum/ZZ.h:19,
                 from D:/pyproject/kctsb/include/kctsb/advanced/fe/bgv/bgv_types.hpp:28:
D:/pyproject/kctsb/include/kctsb/math/bignum/tools.h: In instantiation of 'T kctsb::conv(const S&) [with T = ZZ; S = long long unsigned int]':
D:/pyproject/kctsb/src/advanced/fe/bgv/bgv_context.cpp:143:40:   required from here
  143 |         while (!NTL::ProbPrime(conv<ZZ>(candidate))) {
      |                                ~~~~~~~~^~~~~~~~~~~
D:/pyproject/kctsb/include/kctsb/math/bignum/tools.h:1226:8: error: call of overloaded 'conv(kctsb::ZZ&, const long long unsigned int&)' is ambiguous
 1226 |    conv(x, a);
      |    ~~~~^~~~~~
D:/pyproject/kctsb/include/kctsb/math/bignum/tools.h:1226:8: note: there are 95 candidates
D:/pyproject/kctsb/include/kctsb/math/bignum/ZZ.h:252:13: note: candidate 1: 'void kctsb::conv(ZZ&, float)'
  252 | inline void conv(ZZ& x, float a) { _kctsb_gdoubtoz(double(a), &x.rep); }
      |             ^~~~
D:/pyproject/kctsb/include/kctsb/math/bignum/ZZ.h:248:13: note: candidate 2: 'void kctsb::conv(ZZ&, double)'
  248 | inline void conv(ZZ& x, double a) { _kctsb_gdoubtoz(a, &x.rep); }
      |             ^~~~
D:/pyproject/kctsb/include/kctsb/math/bignum/ZZ.h:242:13: note: candidate 3: 'void kctsb::conv(ZZ&, unsigned int)'
  242 | inline void conv(ZZ& x, unsigned int a) { _kctsb_guintoz((unsigned long)(a), &x.rep); }
      |             ^~~~
D:/pyproject/kctsb/include/kctsb/math/bignum/ZZ.h:239:13: note: candidate 4: 'void kctsb::conv(ZZ&, long unsigned int)'
  239 | inline void conv(ZZ& x, unsigned long a) { _kctsb_guintoz(a, &x.rep); }
      |             ^~~~
D:/pyproject/kctsb/include/kctsb/math/bignum/ZZ.h:236:13: note: candidate 5: 'void kctsb::conv(ZZ&, int)'
  236 | inline void conv(ZZ& x, int a) { _kctsb_gintoz(long(a), &x.rep); }
      |             ^~~~
D:/pyproject/kctsb/include/kctsb/math/bignum/ZZ.h:233:13: note: candidate 6: 'void kctsb::conv(ZZ&, long int)'
  233 | inline void conv(ZZ& x, long a) { _kctsb_gintoz(a, &x.rep); }
      |             ^~~~
[178/251] Building CXX object CMakeFiles/kctsb_shared.dir/src/math/bignum/poly/GF2XVec.cpp.obj
[179/251] Building CXX object CMakeFiles/kctsb_shared.dir/src/math/bignum/poly/GF2EXFactoring.cpp.obj
[180/251] Building CXX object CMakeFiles/kctsb_shared.dir/src/math/bignum/poly/GF2XFactoring.cpp.obj
[181/251] Building CXX object CMakeFiles/kctsb_shared.dir/src/math/bignum/poly/GF2EX.cpp.obj
[182/251] Building CXX object CMakeFiles/kctsb_shared.dir/src/math/bignum/poly/ZZXCharPoly.cpp.obj
[183/251] Building CXX object CMakeFiles/kctsb_shared.dir/src/math/bignum/poly/GF2X1.cpp.obj
[184/251] Building CXX object CMakeFiles/kctsb_shared.dir/src/math/bignum/poly/ZZX.cpp.obj
[185/251] Building CXX object CMakeFiles/kctsb_shared.dir/src/math/bignum/poly/GF2X.cpp.obj
[186/251] Building CXX object CMakeFiles/kctsb_shared.dir/src/math/bignum/poly/ZZ_pEXFactoring.cpp.obj
[187/251] Building CXX object CMakeFiles/kctsb_shared.dir/src/math/bignum/matrix/mat_lzz_p.cpp.obj
[188/251] Building CXX object CMakeFiles/kctsb_shared.dir/src/math/bignum/poly/ZZX1.cpp.obj
[189/251] Building CXX object CMakeFiles/kctsb_shared.dir/src/math/bignum/poly/ZZ_pEX.cpp.obj
[190/251] Building CXX object CMakeFiles/kctsb_shared.dir/src/math/bignum/poly/ZZ_pX1.cpp.obj
[191/251] Building CXX object CMakeFiles/kctsb_shared.dir/src/math/bignum/poly/ZZXFactoring.cpp.obj
[192/251] Building CXX object CMakeFiles/kctsb_shared.dir/src/math/bignum/poly/ZZ_pX.cpp.obj
ninja: build stopped: subcommand failed.
